<html>
<body>
<pre>
<h1>µVision Build Log</h1>
<h2>Tool Versions:</h2>
IDE-Version: ¦ÌVision V5.38.0.0
Copyright (C) 2022 ARM Ltd and ARM Germany GmbH. All rights reserved.
License Information: 1 NUSRI, 1, LIC=FYKYW-Q05GP-IIT5V-PHR8L-8JHCT-63637
 
Tool Versions:
Toolchain:       MDK-ARM Plus  Version: 5.38.0.0
Toolchain Path:  C:\Keil_v5\ARM\ARMCLANG\Bin
C Compiler:      ArmClang.exe V6.19
Assembler:       Armasm.exe V6.19
Linker/Locator:  ArmLink.exe V6.19
Library Manager: ArmAr.exe V6.19
Hex Converter:   FromElf.exe V6.19
CPU DLL:         SARMCM3.DLL V5.38.0.0
Dialog DLL:      DCM.DLL V1.17.5.0
Target DLL:      STLink\ST-LINKIII-KEIL_SWO.dll V3.1.0.0
Dialog DLL:      TCM.DLL V1.56.4.0
 
<h2>Project:</h2>
E:\NUSRI-23-24-P22\RM_C_Board\MDK-ARM\RM_C_Board.uvprojx
Project File Date:  12/13/2023

<h2>Output:</h2>
*** Using Compiler 'V6.19', folder: 'C:\Keil_v5\ARM\ARMCLANG\Bin'
Build target 'RM_C_Board'
../Core/Src/ist8310driver.c(21): warning: In file included from...
../Core/Inc\ist8310driver.h(15): warning: In file included from...
../Core/Inc/headfile.h(29): warning: In file included from...
../Core/Inc/BMI088driver.h(49): warning: 'packed' attribute ignored [-Wignored-attributes]
typedef __packed struct BMI088_RAW_DATA
        ^
../Drivers/STM32F4xx_HAL_Driver/Inc/stm32f4xx_hal_def.h(114): note: expanded from macro '__packed'
    #define __packed  __attribute__((packed))
                                     ^
1 warning generated.
compiling ist8310driver.c...
../Core/Src/IST.c(5): warning: In file included from...
../Core/Inc\IST.h(3): warning: In file included from...
../Core/Inc/headfile.h(29): warning: In file included from...
../Core/Inc/BMI088driver.h(49): warning: 'packed' attribute ignored [-Wignored-attributes]
typedef __packed struct BMI088_RAW_DATA
        ^
../Drivers/STM32F4xx_HAL_Driver/Inc/stm32f4xx_hal_def.h(114): note: expanded from macro '__packed'
    #define __packed  __attribute__((packed))
                                     ^
1 warning generated.
compiling IST.c...
../Core/Src/IMU.c(5): warning: In file included from...
../Core/Inc\IMU.h(3): warning: In file included from...
../Core/Inc/headfile.h(29): warning: In file included from...
../Core/Inc/BMI088driver.h(49): warning: 'packed' attribute ignored [-Wignored-attributes]
typedef __packed struct BMI088_RAW_DATA
        ^
../Drivers/STM32F4xx_HAL_Driver/Inc/stm32f4xx_hal_def.h(114): note: expanded from macro '__packed'
    #define __packed  __attribute__((packed))
                                     ^
1 warning generated.
compiling IMU.c...
../Core/Src/ist8310driver_middleware.c(20): warning: In file included from...
../Core/Inc\ist8310driver_middleWare.h(21): warning: In file included from...
../Core/Inc/headfile.h(29): warning: In file included from...
../Core/Inc/BMI088driver.h(49): warning: 'packed' attribute ignored [-Wignored-attributes]
typedef __packed struct BMI088_RAW_DATA
        ^
../Drivers/STM32F4xx_HAL_Driver/Inc/stm32f4xx_hal_def.h(114): note: expanded from macro '__packed'
    #define __packed  __attribute__((packed))
                                     ^
1 warning generated.
compiling ist8310driver_middleware.c...
../Core/Src/BMI088Middleware.c(1): warning: In file included from...
../Core/Inc/headfile.h(29): warning: In file included from...
../Core/Inc/BMI088driver.h(49): warning: 'packed' attribute ignored [-Wignored-attributes]
typedef __packed struct BMI088_RAW_DATA
        ^
../Drivers/STM32F4xx_HAL_Driver/Inc/stm32f4xx_hal_def.h(114): note: expanded from macro '__packed'
    #define __packed  __attribute__((packed))
                                     ^
1 warning generated.
compiling BMI088Middleware.c...
../Core/Src/BMI088driver.c(1): warning: In file included from...
../Core/Inc/headfile.h(29): warning: In file included from...
../Core/Inc/BMI088driver.h(49): warning: 'packed' attribute ignored [-Wignored-attributes]
typedef __packed struct BMI088_RAW_DATA
        ^
../Drivers/STM32F4xx_HAL_Driver/Inc/stm32f4xx_hal_def.h(114): note: expanded from macro '__packed'
    #define __packed  __attribute__((packed))
                                     ^
1 warning generated.
compiling BMI088driver.c...
../Core/Src/CAN_receive.c(2): warning: In file included from...
../Core/Inc\CAN_receive.h(5): warning: In file included from...
../Core/Inc/headfile.h(29): warning: In file included from...
../Core/Inc/BMI088driver.h(49): warning: 'packed' attribute ignored [-Wignored-attributes]
typedef __packed struct BMI088_RAW_DATA
        ^
../Drivers/STM32F4xx_HAL_Driver/Inc/stm32f4xx_hal_def.h(114): note: expanded from macro '__packed'
    #define __packed  __attribute__((packed))
                                     ^
1 warning generated.
compiling CAN_receive.c...
../Core/Src/Joystick.c(5): warning: In file included from...
../Core/Inc\Joystick.h(3): warning: In file included from...
../Core/Inc/headfile.h(29): warning: In file included from...
../Core/Inc/BMI088driver.h(49): warning: 'packed' attribute ignored [-Wignored-attributes]
typedef __packed struct BMI088_RAW_DATA
        ^
../Drivers/STM32F4xx_HAL_Driver/Inc/stm32f4xx_hal_def.h(114): note: expanded from macro '__packed'
    #define __packed  __attribute__((packed))
                                     ^
1 warning generated.
compiling Joystick.c...
../Core/Src/led.c(5): warning: In file included from...
../Core/Inc\led.h(3): warning: In file included from...
../Core/Inc/headfile.h(29): warning: In file included from...
../Core/Inc/BMI088driver.h(49): warning: 'packed' attribute ignored [-Wignored-attributes]
typedef __packed struct BMI088_RAW_DATA
        ^
../Drivers/STM32F4xx_HAL_Driver/Inc/stm32f4xx_hal_def.h(114): note: expanded from macro '__packed'
    #define __packed  __attribute__((packed))
                                     ^
1 warning generated.
compiling led.c...
../Core/Src/Motor_Speed_pid.c(5): warning: In file included from...
../Core/Inc\Motor_Speed_pid.h(3): warning: In file included from...
../Core/Inc/headfile.h(29): warning: In file included from...
../Core/Inc/BMI088driver.h(49): warning: 'packed' attribute ignored [-Wignored-attributes]
typedef __packed struct BMI088_RAW_DATA
        ^
../Drivers/STM32F4xx_HAL_Driver/Inc/stm32f4xx_hal_def.h(114): note: expanded from macro '__packed'
    #define __packed  __attribute__((packed))
                                     ^
1 warning generated.
compiling Motor_Speed_pid.c...
../Core/Src/pid.c(6): warning: In file included from...
../Core/Inc\pid.h(6): warning: In file included from...
../Core/Inc/headfile.h(29): warning: In file included from...
../Core/Inc/BMI088driver.h(49): warning: 'packed' attribute ignored [-Wignored-attributes]
typedef __packed struct BMI088_RAW_DATA
        ^
../Drivers/STM32F4xx_HAL_Driver/Inc/stm32f4xx_hal_def.h(114): note: expanded from macro '__packed'
    #define __packed  __attribute__((packed))
                                     ^
1 warning generated.
compiling pid.c...
../Core/Src/ps2.c(5): warning: In file included from...
../Core/Inc\ps2.h(4): warning: In file included from...
../Core/Inc/headfile.h(29): warning: In file included from...
../Core/Inc/BMI088driver.h(49): warning: 'packed' attribute ignored [-Wignored-attributes]
typedef __packed struct BMI088_RAW_DATA
        ^
../Drivers/STM32F4xx_HAL_Driver/Inc/stm32f4xx_hal_def.h(114): note: expanded from macro '__packed'
    #define __packed  __attribute__((packed))
                                     ^
1 warning generated.
compiling ps2.c...
../Core/Src/sweep.c(5): warning: In file included from...
../Core/Inc\sweep.h(3): warning: In file included from...
../Core/Inc/headfile.h(29): warning: In file included from...
../Core/Inc/BMI088driver.h(49): warning: 'packed' attribute ignored [-Wignored-attributes]
typedef __packed struct BMI088_RAW_DATA
        ^
../Drivers/STM32F4xx_HAL_Driver/Inc/stm32f4xx_hal_def.h(114): note: expanded from macro '__packed'
    #define __packed  __attribute__((packed))
                                     ^
1 warning generated.
compiling sweep.c...
../Core/Src/user_delay.c(5): warning: In file included from...
../Core/Inc\user_delay.h(3): warning: In file included from...
../Core/Inc/headfile.h(29): warning: In file included from...
../Core/Inc/BMI088driver.h(49): warning: 'packed' attribute ignored [-Wignored-attributes]
typedef __packed struct BMI088_RAW_DATA
        ^
../Drivers/STM32F4xx_HAL_Driver/Inc/stm32f4xx_hal_def.h(114): note: expanded from macro '__packed'
    #define __packed  __attribute__((packed))
                                     ^
1 warning generated.
compiling user_delay.c...
../Core/Src/User_init.c(5): warning: In file included from...
../Core/Inc\User_init.h(3): warning: In file included from...
../Core/Inc/headfile.h(29): warning: In file included from...
../Core/Inc/BMI088driver.h(49): warning: 'packed' attribute ignored [-Wignored-attributes]
typedef __packed struct BMI088_RAW_DATA
        ^
../Drivers/STM32F4xx_HAL_Driver/Inc/stm32f4xx_hal_def.h(114): note: expanded from macro '__packed'
    #define __packed  __attribute__((packed))
                                     ^
1 warning generated.
compiling User_init.c...
../Core/Src/user_usart.c(5): warning: In file included from...
../Core/Inc\user_usart.h(3): warning: In file included from...
../Core/Inc/headfile.h(29): warning: In file included from...
../Core/Inc/BMI088driver.h(49): warning: 'packed' attribute ignored [-Wignored-attributes]
typedef __packed struct BMI088_RAW_DATA
        ^
../Drivers/STM32F4xx_HAL_Driver/Inc/stm32f4xx_hal_def.h(114): note: expanded from macro '__packed'
    #define __packed  __attribute__((packed))
                                     ^
1 warning generated.
compiling user_usart.c...
../Core/Src/main.c(32): warning: In file included from...
../Core/Inc/headfile.h(29): warning: In file included from...
../Core/Inc/BMI088driver.h(49): warning: 'packed' attribute ignored [-Wignored-attributes]
typedef __packed struct BMI088_RAW_DATA
        ^
../Drivers/STM32F4xx_HAL_Driver/Inc/stm32f4xx_hal_def.h(114): note: expanded from macro '__packed'
    #define __packed  __attribute__((packed))
                                     ^
1 warning generated.
compiling main.c...
../Core/Src/stm32f4xx_it.c(25): warning: In file included from...
../Core/Inc/headfile.h(29): warning: In file included from...
../Core/Inc/BMI088driver.h(49): warning: 'packed' attribute ignored [-Wignored-attributes]
typedef __packed struct BMI088_RAW_DATA
        ^
../Drivers/STM32F4xx_HAL_Driver/Inc/stm32f4xx_hal_def.h(114): note: expanded from macro '__packed'
    #define __packed  __attribute__((packed))
                                     ^
1 warning generated.
compiling stm32f4xx_it.c...
../Core/Src/gps.c(1): warning: In file included from...
../Core/Inc\gps.h(4): warning: In file included from...
../Core/Inc/headfile.h(29): warning: In file included from...
../Core/Inc/BMI088driver.h(49): warning: 'packed' attribute ignored [-Wignored-attributes]
typedef __packed struct BMI088_RAW_DATA
        ^
../Drivers/STM32F4xx_HAL_Driver/Inc/stm32f4xx_hal_def.h(114): note: expanded from macro '__packed'
    #define __packed  __attribute__((packed))
                                     ^
1 warning generated.
compiling gps.c...
../Core/Src/Task.c(2): warning: In file included from...
../Core/Inc\user_usart.h(3): warning: In file included from...
../Core/Inc/headfile.h(29): warning: In file included from...
../Core/Inc/BMI088driver.h(49): warning: 'packed' attribute ignored [-Wignored-attributes]
typedef __packed struct BMI088_RAW_DATA
        ^
../Drivers/STM32F4xx_HAL_Driver/Inc/stm32f4xx_hal_def.h(114): note: expanded from macro '__packed'
    #define __packed  __attribute__((packed))
                                     ^
1 warning generated.
compiling Task.c...
linking...
Program Size: Code=38938 RO-data=1062 RW-data=88 ZI-data=4192  
FromELF: creating hex file...
"RM_C_Board\RM_C_Board.axf" - 0 Error(s), 20 Warning(s).

<h2>Software Packages used:</h2>

Package Vendor: ARM
                http://www.keil.com/pack/ARM.CMSIS.5.9.0.pack
                ARM.CMSIS.5.9.0
                CMSIS (Common Microcontroller Software Interface Standard)
   * Component: CORE Version: 5.6.0

Package Vendor: Keil
                https://www.keil.com/pack/Keil.STM32F4xx_DFP.2.17.1.pack
                Keil.STM32F4xx_DFP.2.17.1
                STMicroelectronics STM32F4 Series Device Support, Drivers and Examples

<h2>Collection of Component include folders:</h2>
  ./RTE/_RM_C_Board
  C:/Users/NUSRI/AppData/Local/Arm/Packs/ARM/CMSIS/5.9.0/CMSIS/Core/Include
  C:/Users/NUSRI/AppData/Local/Arm/Packs/Keil/STM32F4xx_DFP/2.17.1/Drivers/CMSIS/Device/ST/STM32F4xx/Include

<h2>Collection of Component Files used:</h2>

   * Component: ARM::CMSIS:CORE:5.6.0
      Include file:  CMSIS/Core/Include/tz_context.h
Build Time Elapsed:  00:00:02
</pre>
</body>
</html>
