Component: Arm Compiler for Embedded 6.19 Tool: armlink [5e73cb00]

==============================================================================

Section Cross References

    startup_stm32f407xx.o(STACK) refers (Special) to heapauxi.o(.text) for __use_two_region_memory
    startup_stm32f407xx.o(HEAP) refers (Special) to heapauxi.o(.text) for __use_two_region_memory
    startup_stm32f407xx.o(RESET) refers (Special) to heapauxi.o(.text) for __use_two_region_memory
    startup_stm32f407xx.o(RESET) refers to startup_stm32f407xx.o(STACK) for __initial_sp
    startup_stm32f407xx.o(RESET) refers to startup_stm32f407xx.o(.text) for Reset_Handler
    startup_stm32f407xx.o(RESET) refers to stm32f4xx_it.o(.text.NMI_Handler) for NMI_Handler
    startup_stm32f407xx.o(RESET) refers to stm32f4xx_it.o(.text.HardFault_Handler) for HardFault_Handler
    startup_stm32f407xx.o(RESET) refers to stm32f4xx_it.o(.text.MemManage_Handler) for MemManage_Handler
    startup_stm32f407xx.o(RESET) refers to stm32f4xx_it.o(.text.BusFault_Handler) for BusFault_Handler
    startup_stm32f407xx.o(RESET) refers to stm32f4xx_it.o(.text.UsageFault_Handler) for UsageFault_Handler
    startup_stm32f407xx.o(RESET) refers to stm32f4xx_it.o(.text.SVC_Handler) for SVC_Handler
    startup_stm32f407xx.o(RESET) refers to stm32f4xx_it.o(.text.DebugMon_Handler) for DebugMon_Handler
    startup_stm32f407xx.o(RESET) refers to stm32f4xx_it.o(.text.PendSV_Handler) for PendSV_Handler
    startup_stm32f407xx.o(RESET) refers to stm32f4xx_it.o(.text.SysTick_Handler) for SysTick_Handler
    startup_stm32f407xx.o(RESET) refers to stm32f4xx_it.o(.text.EXTI0_IRQHandler) for EXTI0_IRQHandler
    startup_stm32f407xx.o(RESET) refers to stm32f4xx_it.o(.text.EXTI3_IRQHandler) for EXTI3_IRQHandler
    startup_stm32f407xx.o(RESET) refers to stm32f4xx_it.o(.text.CAN1_RX0_IRQHandler) for CAN1_RX0_IRQHandler
    startup_stm32f407xx.o(RESET) refers to stm32f4xx_it.o(.text.TIM1_UP_TIM10_IRQHandler) for TIM1_UP_TIM10_IRQHandler
    startup_stm32f407xx.o(RESET) refers to stm32f4xx_it.o(.text.TIM4_IRQHandler) for TIM4_IRQHandler
    startup_stm32f407xx.o(RESET) refers to stm32f4xx_it.o(.text.USART1_IRQHandler) for USART1_IRQHandler
    startup_stm32f407xx.o(RESET) refers to stm32f4xx_it.o(.text.TIM8_UP_TIM13_IRQHandler) for TIM8_UP_TIM13_IRQHandler
    startup_stm32f407xx.o(RESET) refers to stm32f4xx_it.o(.text.DMA2_Stream6_IRQHandler) for DMA2_Stream6_IRQHandler
    startup_stm32f407xx.o(RESET) refers to stm32f4xx_it.o(.text.DMA2_Stream7_IRQHandler) for DMA2_Stream7_IRQHandler
    startup_stm32f407xx.o(RESET) refers to stm32f4xx_it.o(.text.USART6_IRQHandler) for USART6_IRQHandler
    startup_stm32f407xx.o(.text) refers (Special) to heapauxi.o(.text) for __use_two_region_memory
    startup_stm32f407xx.o(.text) refers to system_stm32f4xx_1.o(.text.SystemInit) for SystemInit
    startup_stm32f407xx.o(.text) refers to __main.o(!!!main) for __main
    startup_stm32f407xx.o(.text) refers to startup_stm32f407xx.o(HEAP) for Heap_Mem
    startup_stm32f407xx.o(.text) refers to startup_stm32f407xx.o(STACK) for Stack_Mem
    bmi088driver.o(.text.BMI088_init) refers to bmi088middleware.o(.text.BMI088_GPIO_init) for BMI088_GPIO_init
    bmi088driver.o(.text.BMI088_init) refers to bmi088middleware.o(.text.BMI088_com_init) for BMI088_com_init
    bmi088driver.o(.text.BMI088_init) refers to bmi088driver.o(.text.bmi088_accel_init) for bmi088_accel_init
    bmi088driver.o(.text.BMI088_init) refers to bmi088driver.o(.text.bmi088_gyro_init) for bmi088_gyro_init
    bmi088driver.o(.ARM.exidx.text.BMI088_init) refers to bmi088driver.o(.text.BMI088_init) for [Anonymous Symbol]
    bmi088driver.o(.text.bmi088_accel_init) refers to bmi088middleware.o(.text.BMI088_ACCEL_NS_L) for BMI088_ACCEL_NS_L
    bmi088driver.o(.text.bmi088_accel_init) refers to bmi088middleware.o(.text.BMI088_read_write_byte) for BMI088_read_write_byte
    bmi088driver.o(.text.bmi088_accel_init) refers to bmi088middleware.o(.text.BMI088_ACCEL_NS_H) for BMI088_ACCEL_NS_H
    bmi088driver.o(.text.bmi088_accel_init) refers to bmi088middleware.o(.text.BMI088_delay_us) for BMI088_delay_us
    bmi088driver.o(.text.bmi088_accel_init) refers to bmi088middleware.o(.text.BMI088_delay_ms) for BMI088_delay_ms
    bmi088driver.o(.text.bmi088_accel_init) refers to bmi088driver.o(.rodata.write_BMI088_accel_reg_data_error) for write_BMI088_accel_reg_data_error
    bmi088driver.o(.ARM.exidx.text.bmi088_accel_init) refers to bmi088driver.o(.text.bmi088_accel_init) for [Anonymous Symbol]
    bmi088driver.o(.text.bmi088_gyro_init) refers to bmi088middleware.o(.text.BMI088_GYRO_NS_L) for BMI088_GYRO_NS_L
    bmi088driver.o(.text.bmi088_gyro_init) refers to bmi088middleware.o(.text.BMI088_read_write_byte) for BMI088_read_write_byte
    bmi088driver.o(.text.bmi088_gyro_init) refers to bmi088middleware.o(.text.BMI088_GYRO_NS_H) for BMI088_GYRO_NS_H
[...]
    HAL_CAN_MspInit                          0x08002db1   Thumb Code   302  can.o(.text.HAL_CAN_MspInit)
    HAL_CAN_RxFifo0FullCallback              0x08002ee1   Thumb Code     2  stm32f4xx_hal_can.o(.text.HAL_CAN_RxFifo0FullCallback)
    HAL_CAN_RxFifo0MsgPendingCallback        0x08002ee5   Thumb Code    94  can_receive.o(.text.HAL_CAN_RxFifo0MsgPendingCallback)
    HAL_CAN_RxFifo1FullCallback              0x08002f45   Thumb Code     2  stm32f4xx_hal_can.o(.text.HAL_CAN_RxFifo1FullCallback)
    HAL_CAN_RxFifo1MsgPendingCallback        0x08002f49   Thumb Code     2  stm32f4xx_hal_can.o(.text.HAL_CAN_RxFifo1MsgPendingCallback)
    HAL_CAN_SleepCallback                    0x08002f4d   Thumb Code     2  stm32f4xx_hal_can.o(.text.HAL_CAN_SleepCallback)
    HAL_CAN_Start                            0x08002f51   Thumb Code    90  stm32f4xx_hal_can.o(.text.HAL_CAN_Start)
    HAL_CAN_TxMailbox0AbortCallback          0x08002fad   Thumb Code     2  stm32f4xx_hal_can.o(.text.HAL_CAN_TxMailbox0AbortCallback)
    HAL_CAN_TxMailbox0CompleteCallback       0x08002fb1   Thumb Code     2  stm32f4xx_hal_can.o(.text.HAL_CAN_TxMailbox0CompleteCallback)
    HAL_CAN_TxMailbox1AbortCallback          0x08002fb5   Thumb Code     2  stm32f4xx_hal_can.o(.text.HAL_CAN_TxMailbox1AbortCallback)
    HAL_CAN_TxMailbox1CompleteCallback       0x08002fb9   Thumb Code     2  stm32f4xx_hal_can.o(.text.HAL_CAN_TxMailbox1CompleteCallback)
    HAL_CAN_TxMailbox2AbortCallback          0x08002fbd   Thumb Code     2  stm32f4xx_hal_can.o(.text.HAL_CAN_TxMailbox2AbortCallback)
    HAL_CAN_TxMailbox2CompleteCallback       0x08002fc1   Thumb Code     2  stm32f4xx_hal_can.o(.text.HAL_CAN_TxMailbox2CompleteCallback)
    HAL_CAN_WakeUpFromRxMsgCallback          0x08002fc5   Thumb Code     2  stm32f4xx_hal_can.o(.text.HAL_CAN_WakeUpFromRxMsgCallback)
    HAL_DMA_Abort                            0x08002fc9   Thumb Code   142  stm32f4xx_hal_dma.o(.text.HAL_DMA_Abort)
    HAL_DMA_Abort_IT                         0x08003059   Thumb Code    36  stm32f4xx_hal_dma.o(.text.HAL_DMA_Abort_IT)
    HAL_DMA_IRQHandler                       0x0800307d   Thumb Code   448  stm32f4xx_hal_dma.o(.text.HAL_DMA_IRQHandler)
    HAL_DMA_Init                             0x0800323d   Thumb Code   354  stm32f4xx_hal_dma.o(.text.HAL_DMA_Init)
    HAL_Delay                                0x080033a1   Thumb Code    40  stm32f4xx_hal.o(.text.HAL_Delay)
    HAL_Delay_us                             0x080033c9   Thumb Code    58  user_delay.o(.text.HAL_Delay_us)
    HAL_GPIO_EXTI_Callback                   0x08003405   Thumb Code     2  stm32f4xx_hal_gpio.o(.text.HAL_GPIO_EXTI_Callback)
    HAL_GPIO_EXTI_IRQHandler                 0x08003409   Thumb Code    22  stm32f4xx_hal_gpio.o(.text.HAL_GPIO_EXTI_IRQHandler)
    HAL_GPIO_Init                            0x08003421   Thumb Code   422  stm32f4xx_hal_gpio.o(.text.HAL_GPIO_Init)
    HAL_GPIO_ReadPin                         0x080035c9   Thumb Code    10  stm32f4xx_hal_gpio.o(.text.HAL_GPIO_ReadPin)
    HAL_GPIO_WritePin                        0x080035d5   Thumb Code    10  stm32f4xx_hal_gpio.o(.text.HAL_GPIO_WritePin)
    HAL_GetTick                              0x080035e1   Thumb Code    12  stm32f4xx_hal.o(.text.HAL_GetTick)
    HAL_I2C_Init                             0x080035ed   Thumb Code   374  stm32f4xx_hal_i2c.o(.text.HAL_I2C_Init)
    HAL_I2C_Mem_Read                         0x08003765   Thumb Code   878  stm32f4xx_hal_i2c.o(.text.HAL_I2C_Mem_Read)
    HAL_I2C_Mem_Write                        0x08003ad5   Thumb Code   474  stm32f4xx_hal_i2c.o(.text.HAL_I2C_Mem_Write)
    HAL_I2C_MspInit                          0x08003cb1   Thumb Code   170  i2c.o(.text.HAL_I2C_MspInit)
    HAL_IncTick                              0x08003d5d   Thumb Code    26  stm32f4xx_hal.o(.text.HAL_IncTick)
    HAL_Init                                 0x08003d79   Thumb Code    54  stm32f4xx_hal.o(.text.HAL_Init)
    HAL_InitTick                             0x08003db1   Thumb Code    72  stm32f4xx_hal.o(.text.HAL_InitTick)
    HAL_MspInit                              0x08003df9   Thumb Code    56  stm32f4xx_hal_msp.o(.text.HAL_MspInit)
    HAL_NVIC_EnableIRQ                       0x08003e31   Thumb Code    38  stm32f4xx_hal_cortex.o(.text.HAL_NVIC_EnableIRQ)
    HAL_NVIC_SetPriority                     0x08003e59   Thumb Code    86  stm32f4xx_hal_cortex.o(.text.HAL_NVIC_SetPriority)
    HAL_NVIC_SetPriorityGrouping             0x08003eb1   Thumb Code    32  stm32f4xx_hal_cortex.o(.text.HAL_NVIC_SetPriorityGrouping)
    HAL_RCC_ClockConfig                      0x08003ed1   Thumb Code   352  stm32f4xx_hal_rcc.o(.text.HAL_RCC_ClockConfig)
    HAL_RCC_GetHCLKFreq                      0x08004031   Thumb Code    12  stm32f4xx_hal_rcc.o(.text.HAL_RCC_GetHCLKFreq)
    HAL_RCC_GetPCLK1Freq                     0x0800403d   Thumb Code    38  stm32f4xx_hal_rcc.o(.text.HAL_RCC_GetPCLK1Freq)
    HAL_RCC_GetPCLK2Freq                     0x08004065   Thumb Code    38  stm32f4xx_hal_rcc.o(.text.HAL_RCC_GetPCLK2Freq)
    HAL_RCC_GetSysClockFreq                  0x0800408d   Thumb Code   106  stm32f4xx_hal_rcc.o(.text.HAL_RCC_GetSysClockFreq)
    HAL_RCC_OscConfig                        0x080040f9   Thumb Code   884  stm32f4xx_hal_rcc.o(.text.HAL_RCC_OscConfig)
    HAL_SPI_Init                             0x0800446d   Thumb Code   180  stm32f4xx_hal_spi.o(.text.HAL_SPI_Init)
    HAL_SPI_MspInit                          0x08004521   Thumb Code   162  spi.o(.text.HAL_SPI_MspInit)
    HAL_SPI_TransmitReceive                  0x080045c5   Thumb Code   792  stm32f4xx_hal_spi.o(.text.HAL_SPI_TransmitReceive)
    HAL_SYSTICK_Config                       0x080048dd   Thumb Code    44  stm32f4xx_hal_cortex.o(.text.HAL_SYSTICK_Config)
    HAL_TIMEx_BreakCallback                  0x08004909   Thumb Code     2  stm32f4xx_hal_tim_ex.o(.text.HAL_TIMEx_BreakCallback)
    HAL_TIMEx_CommutCallback                 0x0800490d   Thumb Code     2  stm32f4xx_hal_tim_ex.o(.text.HAL_TIMEx_CommutCallback)
    HAL_TIMEx_MasterConfigSynchronization    0x08004911   Thumb Code   182  stm32f4xx_hal_tim_ex.o(.text.HAL_TIMEx_MasterConfigSynchronization)
    HAL_TIM_Base_Init                        0x080049c9   Thumb Code    90  stm32f4xx_hal_tim.o(.text.HAL_TIM_Base_Init)
    HAL_TIM_Base_MspInit                     0x08004a25   Thumb Code   306  tim.o(.text.HAL_TIM_Base_MspInit)
    HAL_TIM_Base_Start_IT                    0x08004b59   Thumb Code   170  stm32f4xx_hal_tim.o(.text.HAL_TIM_Base_Start_IT)
    HAL_TIM_ConfigClockSource                0x08004c05   Thumb Code   412  stm32f4xx_hal_tim.o(.text.HAL_TIM_ConfigClockSource)
    HAL_TIM_IC_CaptureCallback               0x08004da1   Thumb Code     2  stm32f4xx_hal_tim.o(.text.HAL_TIM_IC_CaptureCallback)
    HAL_TIM_IRQHandler                       0x08004da5   Thumb Code   368  stm32f4xx_hal_tim.o(.text.HAL_TIM_IRQHandler)
    HAL_TIM_OC_DelayElapsedCallback          0x08004f15   Thumb Code     2  stm32f4xx_hal_tim.o(.text.HAL_TIM_OC_DelayElapsedCallback)
    HAL_TIM_PWM_ConfigChannel                0x08004f19   Thumb Code   546  stm32f4xx_hal_tim.o(.text.HAL_TIM_PWM_ConfigChannel)
    HAL_TIM_PWM_Init                         0x0800513d   Thumb Code    90  stm32f4xx_hal_tim.o(.text.HAL_TIM_PWM_Init)
    HAL_TIM_PWM_MspInit                      0x08005199   Thumb Code     2  stm32f4xx_hal_tim.o(.text.HAL_TIM_PWM_MspInit)
    HAL_TIM_PWM_PulseFinishedCallback        0x0800519d   Thumb Code     2  stm32f4xx_hal_tim.o(.text.HAL_TIM_PWM_PulseFinishedCallback)
    HAL_TIM_PWM_Start                        0x080051a1   Thumb Code   274  stm32f4xx_hal_tim.o(.text.HAL_TIM_PWM_Start)
    HAL_TIM_PeriodElapsedCallback            0x080052b5   Thumb Code     2  stm32f4xx_hal_tim.o(.text.HAL_TIM_PeriodElapsedCallback)
    HAL_TIM_TriggerCallback                  0x080052b9   Thumb Code     2  stm32f4xx_hal_tim.o(.text.HAL_TIM_TriggerCallback)
    HAL_UARTEx_RxEventCallback               0x080052bd   Thumb Code     2  stm32f4xx_hal_uart.o(.text.HAL_UARTEx_RxEventCallback)
    HAL_UART_ErrorCallback                   0x080052c1   Thumb Code     2  stm32f4xx_hal_uart.o(.text.HAL_UART_ErrorCallback)
    HAL_UART_IRQHandler                      0x080052c5   Thumb Code  1380  stm32f4xx_hal_uart.o(.text.HAL_UART_IRQHandler)
    HAL_UART_Init                            0x08005829   Thumb Code    94  stm32f4xx_hal_uart.o(.text.HAL_UART_Init)
    HAL_UART_MspInit                         0x08005889   Thumb Code   428  usart.o(.text.HAL_UART_MspInit)
    HAL_UART_Receive_IT                      0x08005a35   Thumb Code    94  stm32f4xx_hal_uart.o(.text.HAL_UART_Receive_IT)
    HAL_UART_RxCpltCallback                  0x08005a95   Thumb Code   222  usart.o(.text.HAL_UART_RxCpltCallback)
    HAL_UART_TxCpltCallback                  0x08005b75   Thumb Code     2  stm32f4xx_hal_uart.o(.text.HAL_UART_TxCpltCallback)
    HardFault_Handler                        0x08005b79   Thumb Code     2  stm32f4xx_it.o(.text.HardFault_Handler)
    IMU_read                                 0x080063c1   Thumb Code   112  imu.o(.text.IMU_read)
    IST_read                                 0x08006431   Thumb Code    12  ist.o(.text.IST_read)
    Init_all                                 0x0800643d   Thumb Code    30  user_init.o(.text.Init_all)
    Joystick_motor_control                   0x0800645d   Thumb Code   300  joystick.o(.text.Joystick_motor_control)
    Joystick_motor_start                     0x08006589   Thumb Code   206  joystick.o(.text.Joystick_motor_start)
    MX_CAN1_Init                             0x08006659   Thumb Code    64  can.o(.text.MX_CAN1_Init)
    MX_CAN2_Init                             0x08006699   Thumb Code    64  can.o(.text.MX_CAN2_Init)
    MX_DMA_Init                              0x080066d9   Thumb Code    72  dma.o(.text.MX_DMA_Init)
    MX_GPIO_Init                             0x08006721   Thumb Code   366  gpio.o(.text.MX_GPIO_Init)
    MX_I2C3_Init                             0x08006891   Thumb Code    66  i2c.o(.text.MX_I2C3_Init)
    MX_SPI1_Init                             0x080068d5   Thumb Code    82  spi.o(.text.MX_SPI1_Init)
    MX_TIM10_Init                            0x08006929   Thumb Code   238  tim.o(.text.MX_TIM10_Init)
    MX_TIM1_Init                             0x08006a19   Thumb Code   130  tim.o(.text.MX_TIM1_Init)
    MX_TIM4_Init                             0x08006a9d   Thumb Code   130  tim.o(.text.MX_TIM4_Init)
    MX_TIM5_Init                             0x08006b21   Thumb Code   388  tim.o(.text.MX_TIM5_Init)
    MX_TIM8_Init                             0x08006ca5   Thumb Code   132  tim.o(.text.MX_TIM8_Init)
    MX_USART1_UART_Init                      0x08006d29   Thumb Code    62  usart.o(.text.MX_USART1_UART_Init)
    MX_USART6_UART_Init                      0x08006d69   Thumb Code    80  usart.o(.text.MX_USART6_UART_Init)
    MemManage_Handler                        0x08006db9   Thumb Code     2  stm32f4xx_it.o(.text.MemManage_Handler)
    Motor_Speed_Calc                         0x08006dc1   Thumb Code   272  motor_speed_pid.o(.text.Motor_Speed_Calc)
    Motor_Speed_pid_init                     0x08006ed1   Thumb Code   248  motor_speed_pid.o(.text.Motor_Speed_pid_init)
    NMI_Handler                              0x08006fc9   Thumb Code     2  stm32f4xx_it.o(.text.NMI_Handler)
    PS2_Cmd                                  0x08006fcd   Thumb Code   176  ps2.o(.text.PS2_Cmd)
    PS2_EnterConfing                         0x0800707d   Thumb Code   104  ps2.o(.text.PS2_EnterConfing)
    PS2_ExitConfing                          0x080070e5   Thumb Code   104  ps2.o(.text.PS2_ExitConfing)
    PS2_SetInit                              0x0800714d   Thumb Code   302  ps2.o(.text.PS2_SetInit)
    PS2_TurnOnAnalogMode                     0x0800727d   Thumb Code    98  ps2.o(.text.PS2_TurnOnAnalogMode)
    ParseGpsBuffer                           0x080072e1   Thumb Code   260  gps.o(.text.ParseGpsBuffer)
    PendSV_Handler                           0x080073f5   Thumb Code     2  stm32f4xx_it.o(.text.PendSV_Handler)
    SVC_Handler                              0x080074dd   Thumb Code     2  stm32f4xx_it.o(.text.SVC_Handler)
    Speed_set                                0x080074e1   Thumb Code   486  motor_speed_pid.o(.text.Speed_set)
    SysTick_Handler                          0x080076c9   Thumb Code     4  stm32f4xx_it.o(.text.SysTick_Handler)
    SystemClock_Config                       0x080076cd   Thumb Code   176  main.o(.text.SystemClock_Config)
    SystemInit                               0x0800777d   Thumb Code    18  system_stm32f4xx_1.o(.text.SystemInit)
    TIM1_UP_TIM10_IRQHandler                 0x08007791   Thumb Code    30  stm32f4xx_it.o(.text.TIM1_UP_TIM10_IRQHandler)
    TIM4_IRQHandler                          0x080077b1   Thumb Code    12  stm32f4xx_it.o(.text.TIM4_IRQHandler)
    TIM8_UP_TIM13_IRQHandler                 0x080077bd   Thumb Code   292  stm32f4xx_it.o(.text.TIM8_UP_TIM13_IRQHandler)
    TIM_Base_SetConfig                       0x080078e1   Thumb Code   316  stm32f4xx_hal_tim.o(.text.TIM_Base_SetConfig)
    USART1_IRQHandler                        0x08007c19   Thumb Code    12  stm32f4xx_it.o(.text.USART1_IRQHandler)
    USART6_IRQHandler                        0x08007c25   Thumb Code    12  stm32f4xx_it.o(.text.USART6_IRQHandler)
    UsageFault_Handler                       0x08007c31   Thumb Code     2  stm32f4xx_it.o(.text.UsageFault_Handler)
    _sys_exit                                0x08007c35   Thumb Code     2  usart.o(.text._sys_exit)
    bmi088_accel_init                        0x08007c39   Thumb Code   592  bmi088driver.o(.text.bmi088_accel_init)
    bmi088_gyro_init                         0x08007e89   Thumb Code   530  bmi088driver.o(.text.bmi088_gyro_init)
    can_filter_init                          0x0800809d   Thumb Code    98  bsp_can.o(.text.can_filter_init)
    clrStruct                                0x08008101   Thumb Code    18  usart.o(.text.clrStruct)
    fputc                                    0x08008115   Thumb Code    40  usart.o(.text.fputc)
    ist8310_GPIO_init                        0x0800813d   Thumb Code     2  ist8310driver_middleware.o(.text.ist8310_GPIO_init)
    ist8310_IIC_read_muli_reg                0x08008141   Thumb Code    40  ist8310driver_middleware.o(.text.ist8310_IIC_read_muli_reg)
    ist8310_IIC_read_single_reg              0x08008169   Thumb Code    54  ist8310driver_middleware.o(.text.ist8310_IIC_read_single_reg)
    ist8310_IIC_write_single_reg             0x080081a1   Thumb Code    48  ist8310driver_middleware.o(.text.ist8310_IIC_write_single_reg)
    ist8310_RST_H                            0x080081d1   Thumb Code    16  ist8310driver_middleware.o(.text.ist8310_RST_H)
    ist8310_RST_L                            0x080081e1   Thumb Code    16  ist8310driver_middleware.o(.text.ist8310_RST_L)
    ist8310_com_init                         0x080081f1   Thumb Code     2  ist8310driver_middleware.o(.text.ist8310_com_init)
    ist8310_delay_ms                         0x080081f5   Thumb Code     4  ist8310driver_middleware.o(.text.ist8310_delay_ms)
    ist8310_delay_us                         0x080081f9   Thumb Code    74  ist8310driver_middleware.o(.text.ist8310_delay_us)
    ist8310_init                             0x08008245   Thumb Code   204  ist8310driver.o(.text.ist8310_init)
    ist8310_read_mag                         0x0800831d   Thumb Code    92  ist8310driver.o(.text.ist8310_read_mag)
    led_green_start                          0x08008379   Thumb Code    24  led.o(.text.led_green_start)
    led_red_start                            0x08008391   Thumb Code    24  led.o(.text.led_red_start)
    main                                     0x080083a9   Thumb Code   744  main.o(.text.main)
    pid_init                                 0x08008825   Thumb Code    30  pid.o(.text.pid_init)
    _btod_d2e                                0x080088a9   Thumb Code    62  btod.o(CL$$btod_d2e)
    _d2e_denorm_low                          0x080088e7   Thumb Code    70  btod.o(CL$$btod_d2e_denorm_low)
    _d2e_norm_op1                            0x0800892d   Thumb Code    96  btod.o(CL$$btod_d2e_norm_op1)
    __btod_div_common                        0x0800898d   Thumb Code   696  btod.o(CL$$btod_div_common)
    _e2d                                     0x08008cc5   Thumb Code   122  btod.o(CL$$btod_e2d)
    _e2e                                     0x08008d49   Thumb Code   220  btod.o(CL$$btod_e2e)
    _btod_ediv                               0x08008e25   Thumb Code    42  btod.o(CL$$btod_ediv)
    _btod_edivd                              0x08008e4f   Thumb Code    42  btod.o(CL$$btod_edivd)
    _btod_emul                               0x08008e79   Thumb Code    42  btod.o(CL$$btod_emul)
    _btod_emuld                              0x08008ea3   Thumb Code    42  btod.o(CL$$btod_emuld)
    __btod_mult_common                       0x08008ecd   Thumb Code   580  btod.o(CL$$btod_mult_common)
    __ARM_fpclassify                         0x08009111   Thumb Code    48  fpclassify.o(i.__ARM_fpclassify)
    __ARM_fpclassifyf                        0x08009141   Thumb Code    38  fpclassifyf.o(i.__ARM_fpclassifyf)
    __hardfp___mathlib_tofloat               0x08009169   Thumb Code   232  narrow.o(i.__hardfp___mathlib_tofloat)
    __hardfp_asinf                           0x08009261   Thumb Code   258  asinf.o(i.__hardfp_asinf)
    __hardfp_atan2f                          0x0800938d   Thumb Code   594  atan2f.o(i.__hardfp_atan2f)
    __hardfp_atof                            0x08009639   Thumb Code    46  atof.o(i.__hardfp_atof)
    __hardfp_cosf                            0x08009671   Thumb Code   280  cosf.o(i.__hardfp_cosf)
    __hardfp_ldexp                           0x080097c1   Thumb Code   200  ldexp.o(i.__hardfp_ldexp)
    __hardfp_sinf                            0x08009891   Thumb Code   344  sinf.o(i.__hardfp_sinf)
    __mathlib_dbl_overflow                   0x08009a21   Thumb Code    24  dunder.o(i.__mathlib_dbl_overflow)
    __mathlib_dbl_underflow                  0x08009a41   Thumb Code    24  dunder.o(i.__mathlib_dbl_underflow)
    __mathlib_flt_infnan                     0x08009a61   Thumb Code     6  funder.o(i.__mathlib_flt_infnan)
    __mathlib_flt_infnan2                    0x08009a67   Thumb Code     6  funder.o(i.__mathlib_flt_infnan2)
    __mathlib_flt_invalid                    0x08009a6d   Thumb Code    10  funder.o(i.__mathlib_flt_invalid)
    __mathlib_flt_underflow                  0x08009a7d   Thumb Code    10  funder.o(i.__mathlib_flt_underflow)
    __mathlib_narrow                         0x08009a8d   Thumb Code    18  narrow.o(i.__mathlib_narrow)
    __mathlib_rredf2                         0x08009aa1   Thumb Code   316  rredf.o(i.__mathlib_rredf2)
    __support_ldexp                          0x08009bf5   Thumb Code    20  ldexp.o(i.__support_ldexp)
    _is_digit                                0x08009c09   Thumb Code    14  __printf_wp.o(i._is_digit)
    frexp                                    0x08009c19   Thumb Code   118  frexp.o(i.frexp)
    sqrtf                                    0x08009ca5   Thumb Code    62  sqrtf.o(i.sqrtf)
    _get_lc_numeric                          0x08009ce5   Thumb Code    44  lc_numeric_c.o(locale$$code)
    _get_lc_ctype                            0x08009d11   Thumb Code    44  lc_ctype_c.o(locale$$code)
    __aeabi_d2f                              0x08009d3d   Thumb Code     0  d2f.o(x$fpl$d2f)
    _d2f                                     0x08009d3d   Thumb Code    98  d2f.o(x$fpl$d2f)
    __aeabi_dadd                             0x08009da1   Thumb Code     0  daddsub_clz.o(x$fpl$dadd)
    _dadd                                    0x08009da1   Thumb Code   332  daddsub_clz.o(x$fpl$dadd)
    __fpl_dcheck_NaN1                        0x08009ef1   Thumb Code    10  dcheck1.o(x$fpl$dcheck1)
    __fpl_dcmp_Inf                           0x08009f01   Thumb Code    24  dcmpi.o(x$fpl$dcmpinf)
    __aeabi_ddiv                             0x08009f19   Thumb Code     0  ddiv.o(x$fpl$ddiv)
    _ddiv                                    0x08009f19   Thumb Code   556  ddiv.o(x$fpl$ddiv)
    __aeabi_cdcmpeq                          0x0800a1cd   Thumb Code     0  deqf.o(x$fpl$deqf)
    _dcmpeq                                  0x0800a1cd   Thumb Code   120  deqf.o(x$fpl$deqf)
    __aeabi_d2iz                             0x0800a245   Thumb Code     0  dfix.o(x$fpl$dfix)
    _dfix                                    0x0800a245   Thumb Code    94  dfix.o(x$fpl$dfix)
    __aeabi_i2d                              0x0800a2a3   Thumb Code     0  dflt_clz.o(x$fpl$dflt)
    _dflt                                    0x0800a2a3   Thumb Code    46  dflt_clz.o(x$fpl$dflt)
    __aeabi_ui2d                             0x0800a2d1   Thumb Code     0  dflt_clz.o(x$fpl$dfltu)
    _dfltu                                   0x0800a2d1   Thumb Code    38  dflt_clz.o(x$fpl$dfltu)
    __aeabi_cdcmple                          0x0800a2f9   Thumb Code     0  dleqf.o(x$fpl$dleqf)
    _dcmple                                  0x0800a2f9   Thumb Code   120  dleqf.o(x$fpl$dleqf)
    __fpl_dcmple_InfNaN                      0x0800a35b   Thumb Code     0  dleqf.o(x$fpl$dleqf)
    __aeabi_dmul                             0x0800a371   Thumb Code     0  dmul.o(x$fpl$dmul)
    _dmul                                    0x0800a371   Thumb Code   332  dmul.o(x$fpl$dmul)
    __fpl_dnaninf                            0x0800a4c5   Thumb Code   156  dnaninf.o(x$fpl$dnaninf)
    __fpl_dretinf                            0x0800a561   Thumb Code    12  dretinf.o(x$fpl$dretinf)
    __aeabi_cdrcmple                         0x0800a56d   Thumb Code     0  drleqf.o(x$fpl$drleqf)
    _drcmple                                 0x0800a56d   Thumb Code   108  drleqf.o(x$fpl$drleqf)
    __aeabi_dsub                             0x0800a5d9   Thumb Code     0  daddsub_clz.o(x$fpl$dsub)
    _dsub                                    0x0800a5d9   Thumb Code   472  daddsub_clz.o(x$fpl$dsub)
    __aeabi_f2d                              0x0800a7b5   Thumb Code     0  f2d.o(x$fpl$f2d)
    _f2d                                     0x0800a7b5   Thumb Code    86  f2d.o(x$fpl$f2d)
    __fpl_fnaninf                            0x0800a80b   Thumb Code   140  fnaninf.o(x$fpl$fnaninf)
    _fp_init                                 0x0800a897   Thumb Code    26  fpinit.o(x$fpl$fpinit)
    __fplib_config_fpu_vfp                   0x0800a8af   Thumb Code     0  fpinit.o(x$fpl$fpinit)
    __fplib_config_pureend_doubles           0x0800a8af   Thumb Code     0  fpinit.o(x$fpl$fpinit)
    __fpl_fretinf                            0x0800a8b1   Thumb Code    10  fretinf.o(x$fpl$fretinf)
    __ieee_status                            0x0800a8bb   Thumb Code     6  istatus.o(x$fpl$ieeestatus)
    _printf_fp_dec                           0x0800a8c1   Thumb Code     4  printf1.o(x$fpl$printf1)
    __fpl_return_NaN                         0x0800a8c5   Thumb Code   100  retnan.o(x$fpl$retnan)
    __ARM_scalbn                             0x0800a929   Thumb Code    92  scalbn.o(x$fpl$scalbn)
    _scanf_real                              0x0800a985   Thumb Code     4  scanf1.o(x$fpl$scanf1)
    _scanf_hex_real                          0x0800a989   Thumb Code     4  scanf2.o(x$fpl$scanf2)
    _scanf_infnan                            0x0800a98d   Thumb Code     4  scanf2.o(x$fpl$scanf2)
    __fpl_cmpreturn                          0x0800a991   Thumb Code    48  trapv.o(x$fpl$trapveneer)
    __I$use$fp                               0x0800a9c0   Number         0  usenofp.o(x$fpl$usenofp)
    AHBPrescTable                            0x0800aa88   Data          16  system_stm32f4xx_1.o(.rodata.AHBPrescTable)
    APBPrescTable                            0x0800aa98   Data           8  system_stm32f4xx_1.o(.rodata.APBPrescTable)
    Region$$Table$$Base                      0x0800aadc   Number         0  anon$$obj.o(Region$$Table)
    Region$$Table$$Limit                     0x0800aafc   Number         0  anon$$obj.o(Region$$Table)
    __aeabi_HUGE_VAL                         0x0800aafc   Data           0  fpconst.o(c$$dinf)
    __aeabi_HUGE_VALL                        0x0800aafc   Data           0  fpconst.o(c$$dinf)
    __aeabi_INFINITY                         0x0800aafc   Data           0  fpconst.o(c$$dinf)
    __dInf                                   0x0800aafc   Data           0  fpconst.o(c$$dinf)
    __huge_val                               0x0800aafc   Data           0  fpconst.o(c$$dinf)
    __dbl_max                                0x0800ab04   Data           0  fpconst.o(c$$dmax)
    __ctype                                  0x0800ab35   Data           0  lc_ctype_c.o(locale$$data)
    BMI088_ACCEL_SEN                         0x20000000   Data           4  bmi088driver.o(.data..L_MergedGlobals)
    BMI088_GYRO_SEN                          0x20000004   Data           4  bmi088driver.o(.data..L_MergedGlobals)
    MAX_rotate_Speed                         0x20000008   Data           4  joystick.o(.data..L_MergedGlobals)
    Max_speed                                0x2000000c   Data          12  joystick.o(.data..L_MergedGlobals)
    C                                        0x20000018   Data           4  motor_speed_pid.o(.data..L_MergedGlobals)
    r                                        0x2000001c   Data           4  motor_speed_pid.o(.data..L_MergedGlobals)
    uwTickFreq                               0x20000020   Data           1  stm32f4xx_hal.o(.data..L_MergedGlobals)
    uwTickPrio                               0x20000024   Data           4  stm32f4xx_hal.o(.data..L_MergedGlobals)
    SystemCoreClock                          0x20000028   Data           4  system_stm32f4xx_1.o(.data.SystemCoreClock)
    __libspace_start                         0x20000030   Data          96  libspace.o(.bss)
    __temporary_stack_top$libspace           0x20000090   Data           0  libspace.o(.bss)
    temp                                     0x200000d0   Data           4  imu.o(.bss..L_MergedGlobals)
    gyro                                     0x200000d4   Data          12  imu.o(.bss..L_MergedGlobals)
    accel                                    0x200000e0   Data          12  imu.o(.bss..L_MergedGlobals)
    Handkey                                  0x200000ec   Data           2  ps2.o(.bss..L_MergedGlobals)
    PS2_LX                                   0x200000f0   Data           4  ps2.o(.bss..L_MergedGlobals)
    PS2_LY                                   0x200000f4   Data           4  ps2.o(.bss..L_MergedGlobals)
    PS2_RX                                   0x200000f8   Data           4  ps2.o(.bss..L_MergedGlobals)
    PS2_RY                                   0x200000fc   Data           4  ps2.o(.bss..L_MergedGlobals)
    PS2_KEY                                  0x20000100   Data           4  ps2.o(.bss..L_MergedGlobals)
    Data                                     0x20000104   Data           9  ps2.o(.bss..L_MergedGlobals)
    Usart6_Receive_buf                       0x20000118   Data           1  usart.o(.bss..L_MergedGlobals)
    Usart1_Receive_buf                       0x20000119   Data           1  usart.o(.bss..L_MergedGlobals)
    point1                                   0x2000011a   Data           2  usart.o(.bss..L_MergedGlobals)
    huart1                                   0x2000011c   Data          68  usart.o(.bss..L_MergedGlobals)
    flag_1ms                                 0x20000160   Data           1  stm32f4xx_it.o(.bss..L_MergedGlobals)
    flag_5ms                                 0x20000161   Data           1  stm32f4xx_it.o(.bss..L_MergedGlobals)
    flag_10ms                                0x20000162   Data           1  stm32f4xx_it.o(.bss..L_MergedGlobals)
    flag_20ms                                0x20000163   Data           1  stm32f4xx_it.o(.bss..L_MergedGlobals)
    flag_50ms                                0x20000164   Data           1  stm32f4xx_it.o(.bss..L_MergedGlobals)
    flag_100ms                               0x20000165   Data           1  stm32f4xx_it.o(.bss..L_MergedGlobals)
    flag_200ms                               0x20000166   Data           1  stm32f4xx_it.o(.bss..L_MergedGlobals)
    flag_500ms                               0x20000167   Data           1  stm32f4xx_it.o(.bss..L_MergedGlobals)
    flag_1000ms                              0x20000168   Data           1  stm32f4xx_it.o(.bss..L_MergedGlobals)
    flag                                     0x2000016c   Data           4  stm32f4xx_it.o(.bss..L_MergedGlobals)
    speed_count                              0x20000170   Data           4  joystick.o(.bss..L_MergedGlobals.1)
    motor_ready                              0x20000174   Data           4  joystick.o(.bss..L_MergedGlobals.1)
    motor_shutdown                           0x20000178   Data           4  joystick.o(.bss..L_MergedGlobals.1)
    MAX_Speed                                0x2000017c   Data           4  joystick.o(.bss..L_MergedGlobals.1)
    flagg                                    0x20000180   Data           4  joystick.o(.bss..L_MergedGlobals.1)
    Vcx                                      0x20000188   Data           4  motor_speed_pid.o(.bss..L_MergedGlobals.1)
    Wc                                       0x2000018c   Data           4  motor_speed_pid.o(.bss..L_MergedGlobals.1)
    free_flag                                0x20000190   Data           4  motor_speed_pid.o(.bss..L_MergedGlobals.1)
    set_spdL                                 0x20000198   Data           4  motor_speed_pid.o(.bss..L_MergedGlobals.1)
    set_spdR                                 0x2000019c   Data           4  motor_speed_pid.o(.bss..L_MergedGlobals.1)
    IST8310data                              0x200001a4   Data          12  ist.o(.bss.IST8310data)
    Save_Data                                0x200001b0   Data         121  usart.o(.bss.Save_Data)
    USART_RX_BUF                             0x2000022c   Data         200  usart.o(.bss.USART_RX_BUF)
    __stdout                                 0x200002f4   Data          84  usart.o(.bss.__stdout)
    hcan1                                    0x20000348   Data          40  can.o(.bss.hcan1)
    hcan2                                    0x20000370   Data          40  can.o(.bss.hcan2)
    hdma_usart1_tx                           0x20000398   Data          96  usart.o(.bss.hdma_usart1_tx)
    hdma_usart6_tx                           0x200003f8   Data          96  usart.o(.bss.hdma_usart6_tx)
    hi2c3                                    0x20000458   Data          84  i2c.o(.bss.hi2c3)
    hspi1                                    0x200004ac   Data          88  spi.o(.bss.hspi1)
    htim1                                    0x20000504   Data          72  tim.o(.bss.htim1)
    htim10                                   0x2000054c   Data          72  tim.o(.bss.htim10)
    htim4                                    0x20000594   Data          72  tim.o(.bss.htim4)
    htim5                                    0x200005dc   Data          72  tim.o(.bss.htim5)
    htim8                                    0x20000624   Data          72  tim.o(.bss.htim8)
    huart6                                   0x2000066c   Data          68  usart.o(.bss.huart6)
    motor_chassis                            0x200006b0   Data          70  can_receive.o(.bss.motor_chassis)
    motor_pid                                0x200006f8   Data         416  motor_speed_pid.o(.bss.motor_pid)
    stop_flag                                0x20000898   Data           4  stm32f4xx_it.o(.bss.stop_flag)
    uwTick                                   0x2000089c   Data           4  stm32f4xx_hal.o(.bss.uwTick)



==============================================================================

Memory Map of the image

  Image Entry point : 0x08000189

  Load Region LR_IROM1 (Base: 0x08000000, Size: 0x0000ac68, Max: 0x00100000, ABSOLUTE)

    Execution Region ER_IROM1 (Exec base: 0x08000000, Load base: 0x08000000, Size: 0x0000ac38, Max: 0x00100000, ABSOLUTE)

    Exec Addr    Load Addr    Size         Type   Attr      Idx    E Section Name        Object

    0x08000000   0x08000000   0x00000188   Data   RO            3    RESET               startup_stm32f407xx.o
    0x08000188   0x08000188   0x00000008   Code   RO         1834  * !!!main             c_w.l(__main.o)
    0x08000190   0x08000190   0x00000034   Code   RO         2387    !!!scatter          c_w.l(__scatter.o)
    0x080001c4   0x080001c4   0x0000001a   Code   RO         2389    !!handler_copy      c_w.l(__scatter_copy.o)
    0x080001de   0x080001de   0x00000002   PAD
    0x080001e0   0x080001e0   0x0000001c   Code   RO         2391    !!handler_zi        c_w.l(__scatter_zi.o)
    0x080001fc   0x080001fc   0x00000000   Code   RO         1817    .ARM.Collect$$_printf_percent$$00000000  c_w.l(_printf_percent.o)
    0x080001fc   0x080001fc   0x00000006   Code   RO         1816    .ARM.Collect$$_printf_percent$$00000003  c_w.l(_printf_f.o)
    0x08000202   0x08000202   0x00000006   Code   RO         1815    .ARM.Collect$$_printf_percent$$00000009  c_w.l(_printf_d.o)
    0x08000208   0x08000208   0x00000006   Code   RO         1814    .ARM.Collect$$_printf_percent$$00000014  c_w.l(_printf_s.o)
    0x0800020e   0x0800020e   0x00000004   Code   RO         1982    .ARM.Collect$$_printf_percent$$00000017  c_w.l(_printf_percent_end.o)
    0x08000212   0x08000212   0x00000002   Code   RO         2198    .ARM.Collect$$libinit$$00000000  c_w.l(libinit.o)
    0x08000214   0x08000214   0x00000004   Code   RO         2199    .ARM.Collect$$libinit$$00000001  c_w.l(libinit2.o)
    0x08000218   0x08000218   0x00000000   Code   RO         2202    .ARM.Collect$$libinit$$00000004  c_w.l(libinit2.o)
    0x08000218   0x08000218   0x00000000   Code   RO         2204    .ARM.Collect$$libinit$$00000006  c_w.l(libinit2.o)
    0x08000218   0x08000218   0x00000000   Code   RO         2207    .ARM.Collect$$libinit$$0000000C  c_w.l(libinit2.o)
    0x08000218   0x08000218   0x00000000   Code   RO         2209    .ARM.Collect$$libinit$$0000000E  c_w.l(libinit2.o)
    0x08000218   0x08000218   0x00000000   Code   RO         2211    .ARM.Collect$$libinit$$00000010  c_w.l(libinit2.o)
    0x08000218   0x08000218   0x00000006   Code   RO         2212    .ARM.Collect$$libinit$$00000011  c_w.l(libinit2.o)
    0x0800021e   0x0800021e   0x00000000   Code   RO         2214    .ARM.Collect$$libinit$$00000013  c_w.l(libinit2.o)
    0x0800021e   0x0800021e   0x0000000c   Code   RO         2215    .ARM.Collect$$libinit$$00000014  c_w.l(libinit2.o)
    0x0800022a   0x0800022a   0x00000000   Code   RO         2216    .ARM.Collect$$libinit$$00000015  c_w.l(libinit2.o)
    0x0800022a   0x0800022a   0x00000000   Code   RO         2218    .ARM.Collect$$libinit$$00000017  c_w.l(libinit2.o)
    0x0800022a   0x0800022a   0x0000000a   Code   RO         2219    .ARM.Collect$$libinit$$00000018  c_w.l(libinit2.o)
    0x08000234   0x08000234   0x00000000   Code   RO         2220    .ARM.Collect$$libinit$$00000019  c_w.l(libinit2.o)
    0x08000234   0x08000234   0x00000000   Code   RO         2222    .ARM.Collect$$libinit$$0000001B  c_w.l(libinit2.o)
    0x08000234   0x08000234   0x00000000   Code   RO         2224    .ARM.Collect$$libinit$$0000001D  c_w.l(libinit2.o)
    0x08000234   0x08000234   0x00000000   Code   RO         2226    .ARM.Collect$$libinit$$0000001F  c_w.l(libinit2.o)
    0x08000234   0x08000234   0x00000000   Code   RO         2228    .ARM.Collect$$libinit$$00000021  c_w.l(libinit2.o)
    0x08000234   0x08000234   0x00000000   Code   RO         2230    .ARM.Collect$$libinit$$00000023  c_w.l(libinit2.o)
    0x08000234   0x08000234   0x00000000   Code   RO         2232    .ARM.Collect$$libinit$$00000025  c_w.l(libinit2.o)
    0x08000234   0x08000234   0x00000000   Code   RO         2234    .ARM.Collect$$libinit$$00000027  c_w.l(libinit2.o)
    0x08000234   0x08000234   0x00000000   Code   RO         2238    .ARM.Collect$$libinit$$0000002E  c_w.l(libinit2.o)
    0x08000234   0x08000234   0x00000000   Code   RO         2240    .ARM.Collect$$libinit$$00000030  c_w.l(libinit2.o)
    0x08000234   0x08000234   0x00000000   Code   RO         2242    .ARM.Collect$$libinit$$00000032  c_w.l(libinit2.o)
    0x08000234   0x08000234   0x00000000   Code   RO         2244    .ARM.Collect$$libinit$$00000034  c_w.l(libinit2.o)
    0x08000234   0x08000234   0x00000002   Code   RO         2245    .ARM.Collect$$libinit$$00000035  c_w.l(libinit2.o)
    0x08000236   0x08000236   0x00000002   Code   RO         2341    .ARM.Collect$$libshutdown$$00000000  c_w.l(libshutdown.o)
    0x08000238   0x08000238   0x00000000   Code   RO         2370    .ARM.Collect$$libshutdown$$00000002  c_w.l(libshutdown2.o)
    0x08000238   0x08000238   0x00000000   Code   RO         2372    .ARM.Collect$$libshutdown$$00000004  c_w.l(libshutdown2.o)
    0x08000238   0x08000238   0x00000000   Code   RO         2375    .ARM.Collect$$libshutdown$$00000007  c_w.l(libshutdown2.o)
    0x08000238   0x08000238   0x00000000   Code   RO         2378    .ARM.Collect$$libshutdown$$0000000A  c_w.l(libshutdown2.o)
    0x08000238   0x08000238   0x00000000   Code   RO         2380    .ARM.Collect$$libshutdown$$0000000C  c_w.l(libshutdown2.o)
    0x08000238   0x08000238   0x00000000   Code   RO         2383    .ARM.Collect$$libshutdown$$0000000F  c_w.l(libshutdown2.o)
    0x08000238   0x08000238   0x00000002   Code   RO         2384    .ARM.Collect$$libshutdown$$00000010  c_w.l(libshutdown2.o)
    0x0800023a   0x0800023a   0x00000000   Code   RO         1913    .ARM.Collect$$rtentry$$00000000  c_w.l(__rtentry.o)
    0x0800023a   0x0800023a   0x00000000   Code   RO         2085    .ARM.Collect$$rtentry$$00000002  c_w.l(__rtentry2.o)
    0x0800023a   0x0800023a   0x00000006   Code   RO         2097    .ARM.Collect$$rtentry$$00000004  c_w.l(__rtentry4.o)
    0x08000240   0x08000240   0x00000000   Code   RO         2087    .ARM.Collect$$rtentry$$00000009  c_w.l(__rtentry2.o)
    0x08000240   0x08000240   0x00000004   Code   RO         2088    .ARM.Collect$$rtentry$$0000000A  c_w.l(__rtentry2.o)
    0x08000244   0x08000244   0x00000000   Code   RO         2090    .ARM.Collect$$rtentry$$0000000C  c_w.l(__rtentry2.o)
    0x08000244   0x08000244   0x00000008   Code   RO         2091    .ARM.Collect$$rtentry$$0000000D  c_w.l(__rtentry2.o)
    0x0800024c   0x0800024c   0x00000002   Code   RO         2250    .ARM.Collect$$rtexit$$00000000  c_w.l(rtexit.o)
    0x0800024e   0x0800024e   0x00000000   Code   RO         2295    .ARM.Collect$$rtexit$$00000002  c_w.l(rtexit2.o)
    0x0800024e   0x0800024e   0x00000004   Code   RO         2296    .ARM.Collect$$rtexit$$00000003  c_w.l(rtexit2.o)
    0x08000252   0x08000252   0x00000006   Code   RO         2297    .ARM.Collect$$rtexit$$00000004  c_w.l(rtexit2.o)
    0x08000258   0x08000258   0x00000040   Code   RO            4    .text               startup_stm32f407xx.o
    0x08000298   0x08000298   0x000000f0   Code   RO         1780    .text               c_w.l(lludivv7m.o)
    0x08000388   0x08000388   0x00000018   Code   RO         1784    .text               c_w.l(__2printf.o)
    0x080003a0   0x080003a0   0x00000052   Code   RO         1790    .text               c_w.l(_printf_str.o)
    0x080003f2   0x080003f2   0x00000002   PAD
    0x080003f4   0x080003f4   0x00000078   Code   RO         1792    .text               c_w.l(_printf_dec.o)
    0x0800046c   0x0800046c   0x00000188   Code   RO         1811    .text               c_w.l(__printf_flags_ss_wp.o)
    0x080005f4   0x080005f4   0x0000002c   Code   RO         1818    .text               c_w.l(puts.o)
    0x08000620   0x08000620   0x00000014   Code   RO         1820    .text               c_w.l(strchr.o)
    0x08000634   0x08000634   0x0000008a   Code   RO         1824    .text               c_w.l(rt_memcpy_v6.o)
    0x080006be   0x080006be   0x00000064   Code   RO         1826    .text               c_w.l(rt_memcpy_w.o)
    0x08000722   0x08000722   0x00000044   Code   RO         1828    .text               c_w.l(rt_memclr.o)
    0x08000766   0x08000766   0x0000004e   Code   RO         1830    .text               c_w.l(rt_memclr_w.o)
    0x080007b4   0x080007b4   0x00000006   Code   RO         1832    .text               c_w.l(heapauxi.o)
    0x080007ba   0x080007ba   0x00000016   Code   RO         1918    .text               c_w.l(_rserrno.o)
    0x080007d0   0x080007d0   0x000000b2   Code   RO         1924    .text               c_w.l(_printf_intcommon.o)
    0x08000882   0x08000882   0x0000041c   Code   RO         1928    .text               c_w.l(_printf_fp_dec.o)
    0x08000c9e   0x08000c9e   0x00000002   PAD
    0x08000ca0   0x08000ca0   0x00000030   Code   RO         1932    .text               c_w.l(_printf_char_common.o)
    0x08000cd0   0x08000cd0   0x0000002c   Code   RO         1936    .text               c_w.l(_printf_char.o)
    0x08000cfc   0x08000cfc   0x00000024   Code   RO         1938    .text               c_w.l(_printf_char_file.o)
    0x08000d20   0x08000d20   0x000000b0   Code   RO         1992    .text               c_w.l(strtod.o)
    0x08000dd0   0x08000dd0   0x00000008   Code   RO         2104    .text               c_w.l(rt_locale_intlibspace.o)
    0x08000dd8   0x08000dd8   0x00000008   Code   RO         2109    .text               c_w.l(rt_errno_addr_intlibspace.o)
    0x08000de0   0x08000de0   0x0000008a   Code   RO         2111    .text               c_w.l(lludiv10.o)
    0x08000e6a   0x08000e6a   0x00000012   Code   RO         2113    .text               c_w.l(isspace.o)
    0x08000e7c   0x08000e7c   0x00000080   Code   RO         2118    .text               c_w.l(_printf_fp_infnan.o)
    0x08000efc   0x08000efc   0x00000040   Code   RO         2124    .text               c_w.l(_sgetc.o)
    0x08000f3c   0x08000f3c   0x000000e4   Code   RO         2126    .text               c_w.l(bigflt0.o)
    0x08001020   0x08001020   0x00000008   Code   RO         2153    .text               c_w.l(ferror.o)
    0x08001028   0x08001028   0x00000008   Code   RO         2172    .text               c_w.l(libspace.o)
    0x08001030   0x08001030   0x0000004a   Code   RO         2175    .text               c_w.l(sys_stackheap_outer.o)
    0x0800107a   0x0800107a   0x00000002   PAD
    0x0800107c   0x0800107c   0x00000010   Code   RO         2177    .text               c_w.l(rt_ctype_table.o)
    0x0800108c   0x0800108c   0x000004f8   Code   RO         2179    .text               c_w.l(scanf_fp.o)
    0x08001584   0x08001584   0x00000012   Code   RO         2185    .text               c_w.l(exit.o)
    0x08001596   0x08001596   0x00000002   PAD
    0x08001598   0x08001598   0x0000007c   Code   RO         2191    .text               c_w.l(strcmpv7em.o)
    0x08001614   0x08001614   0x00000026   Code   RO         2254    .text               c_w.l(llshl.o)
    0x0800163a   0x0800163a   0x00000002   PAD
    0x0800163c   0x0800163c   0x00000320   Code   RO         2301    .text               c_w.l(scanf_hexfp.o)
    0x0800195c   0x0800195c   0x00000134   Code   RO         2303    .text               c_w.l(scanf_infnan.o)
    0x08001a90   0x08001a90   0x0000001c   Code   RO         2331    .text               c_w.l(_chval.o)
    0x08001aac   0x08001aac   0x0000000e   Code   RO           40    .text.BMI088_ACCEL_NS_H  bmi088middleware.o
    0x08001aba   0x08001aba   0x00000002   PAD
    0x08001abc   0x08001abc   0x0000000e   Code   RO           38    .text.BMI088_ACCEL_NS_L  bmi088middleware.o
    0x08001aca   0x08001aca   0x00000002   PAD
    0x08001acc   0x08001acc   0x00000002   Code   RO           30    .text.BMI088_GPIO_init  bmi088middleware.o
    0x08001ace   0x08001ace   0x00000002   PAD
    0x08001ad0   0x08001ad0   0x00000010   Code   RO           44    .text.BMI088_GYRO_NS_H  bmi088middleware.o
    0x08001ae0   0x08001ae0   0x00000010   Code   RO           42    .text.BMI088_GYRO_NS_L  bmi088middleware.o
    0x08001af0   0x08001af0   0x00000002   Code   RO           32    .text.BMI088_com_init  bmi088middleware.o
    0x08001af2   0x08001af2   0x00000002   PAD
    0x08001af4   0x08001af4   0x000001e6   Code   RO           34    .text.BMI088_delay_ms  bmi088middleware.o
    0x08001cda   0x08001cda   0x00000002   PAD
    0x08001cdc   0x08001cdc   0x0000004a   Code   RO           36    .text.BMI088_delay_us  bmi088middleware.o
    0x08001d26   0x08001d26   0x00000002   PAD
    0x08001d28   0x08001d28   0x00000018   Code   RO           11    .text.BMI088_init   bmi088driver.o
    0x08001d40   0x08001d40   0x0000019e   Code   RO           17    .text.BMI088_read   bmi088driver.o
    0x08001ede   0x08001ede   0x00000002   PAD
    0x08001ee0   0x08001ee0   0x0000002e   Code   RO           46    .text.BMI088_read_write_byte  bmi088middleware.o
    0x08001f0e   0x08001f0e   0x00000002   PAD
    0x08001f10   0x08001f10   0x00000002   Code   RO          551    .text.BusFault_Handler  stm32f4xx_it.o
    0x08001f12   0x08001f12   0x00000002   PAD
    0x08001f14   0x08001f14   0x0000000c   Code   RO          567    .text.CAN1_RX0_IRQHandler  stm32f4xx_it.o
    0x08001f20   0x08001f20   0x00000062   Code   RO           70    .text.CAN_cmd_chassis  can_receive.o
    0x08001f82   0x08001f82   0x00000006   PAD
    0x08001f88   0x08001f88   0x00000070   Code   RO          604    .text.Convert_to_degrees  gps.o
    0x08001ff8   0x08001ff8   0x0000000c   Code   RO          577    .text.DMA2_Stream6_IRQHandler  stm32f4xx_it.o
    0x08002004   0x08002004   0x0000000c   Code   RO          579    .text.DMA2_Stream7_IRQHandler  stm32f4xx_it.o
    0x08002010   0x08002010   0x00000002   Code   RO          557    .text.DebugMon_Handler  stm32f4xx_it.o
    0x08002012   0x08002012   0x00000002   PAD
    0x08002014   0x08002014   0x00000016   Code   RO          563    .text.EXTI0_IRQHandler  stm32f4xx_it.o
    0x0800202a   0x0800202a   0x00000002   PAD
    0x0800202c   0x0800202c   0x00000010   Code   RO          565    .text.EXTI3_IRQHandler  stm32f4xx_it.o
    0x0800203c   0x0800203c   0x0000000a   Code   RO          400    .text.Error_Handler  main.o
    0x08002046   0x08002046   0x00000002   PAD
    0x08002048   0x08002048   0x00000062   Code   RO          110    .text.FusionAhrsGetLinearAcceleration  fusionahrs.o
    0x080020aa   0x080020aa   0x00000002   PAD
    0x080020ac   0x080020ac   0x00000008   Code   RO          108    .text.FusionAhrsGetQuaternion  fusionahrs.o
    0x080020b4   0x080020b4   0x00000060   Code   RO           94    .text.FusionAhrsInitialise  fusionahrs.o
    0x08002114   0x08002114   0x00000564   Code   RO          100    .text.FusionAhrsUpdate  fusionahrs.o
    0x08002678   0x08002678   0x000000f0   Code   RO          126    .text.FusionCompassCalculateHeading  fusioncompass.o
    0x08002768   0x08002768   0x0000002e   Code   RO          651    .text.HAL_CAN_ActivateNotification  stm32f4xx_hal_can.o
    0x08002796   0x08002796   0x00000002   PAD
    0x08002798   0x08002798   0x000000c0   Code   RO          637    .text.HAL_CAN_AddTxMessage  stm32f4xx_hal_can.o
    0x08002858   0x08002858   0x000000de   Code   RO          627    .text.HAL_CAN_ConfigFilter  stm32f4xx_hal_can.o
    0x08002936   0x08002936   0x00000002   PAD
    0x08002938   0x08002938   0x00000002   Code   RO          681    .text.HAL_CAN_ErrorCallback  stm32f4xx_hal_can.o
    0x0800293a   0x0800293a   0x00000002   PAD
    0x0800293c   0x0800293c   0x0000011e   Code   RO          647    .text.HAL_CAN_GetRxMessage  stm32f4xx_hal_can.o
    0x08002a5a   0x08002a5a   0x00000002   PAD
    0x08002a5c   0x08002a5c   0x0000025e   Code   RO          655    .text.HAL_CAN_IRQHandler  stm32f4xx_hal_can.o
    0x08002cba   0x08002cba   0x00000002   PAD
    0x08002cbc   0x08002cbc   0x000000f4   Code   RO          617    .text.HAL_CAN_Init  stm32f4xx_hal_can.o
    0x08002db0   0x08002db0   0x0000012e   Code   RO          425    .text.HAL_CAN_MspInit  can.o
    0x08002ede   0x08002ede   0x00000002   PAD
    0x08002ee0   0x08002ee0   0x00000002   Code   RO          669    .text.HAL_CAN_RxFifo0FullCallback  stm32f4xx_hal_can.o
    0x08002ee2   0x08002ee2   0x00000002   PAD
    0x08002ee4   0x08002ee4   0x0000005e   Code   RO           64    .text.HAL_CAN_RxFifo0MsgPendingCallback  can_receive.o
    0x08002f42   0x08002f42   0x00000002   PAD
    0x08002f44   0x08002f44   0x00000002   Code   RO          673    .text.HAL_CAN_RxFifo1FullCallback  stm32f4xx_hal_can.o
    0x08002f46   0x08002f46   0x00000002   PAD
    0x08002f48   0x08002f48   0x00000002   Code   RO          675    .text.HAL_CAN_RxFifo1MsgPendingCallback  stm32f4xx_hal_can.o
    0x08002f4a   0x08002f4a   0x00000002   PAD
    0x08002f4c   0x08002f4c   0x00000002   Code   RO          677    .text.HAL_CAN_SleepCallback  stm32f4xx_hal_can.o
    0x08002f4e   0x08002f4e   0x00000002   PAD
    0x08002f50   0x08002f50   0x0000005a   Code   RO          629    .text.HAL_CAN_Start  stm32f4xx_hal_can.o
    0x08002faa   0x08002faa   0x00000002   PAD
    0x08002fac   0x08002fac   0x00000002   Code   RO          659    .text.HAL_CAN_TxMailbox0AbortCallback  stm32f4xx_hal_can.o
    0x08002fae   0x08002fae   0x00000002   PAD
    0x08002fb0   0x08002fb0   0x00000002   Code   RO          657    .text.HAL_CAN_TxMailbox0CompleteCallback  stm32f4xx_hal_can.o
    0x08002fb2   0x08002fb2   0x00000002   PAD
    0x08002fb4   0x08002fb4   0x00000002   Code   RO          663    .text.HAL_CAN_TxMailbox1AbortCallback  stm32f4xx_hal_can.o
    0x08002fb6   0x08002fb6   0x00000002   PAD
    0x08002fb8   0x08002fb8   0x00000002   Code   RO          661    .text.HAL_CAN_TxMailbox1CompleteCallback  stm32f4xx_hal_can.o
    0x08002fba   0x08002fba   0x00000002   PAD
    0x08002fbc   0x08002fbc   0x00000002   Code   RO          667    .text.HAL_CAN_TxMailbox2AbortCallback  stm32f4xx_hal_can.o
    0x08002fbe   0x08002fbe   0x00000002   PAD
    0x08002fc0   0x08002fc0   0x00000002   Code   RO          665    .text.HAL_CAN_TxMailbox2CompleteCallback  stm32f4xx_hal_can.o
    0x08002fc2   0x08002fc2   0x00000002   PAD
    0x08002fc4   0x08002fc4   0x00000002   Code   RO          679    .text.HAL_CAN_WakeUpFromRxMsgCallback  stm32f4xx_hal_can.o
    0x08002fc6   0x08002fc6   0x00000002   PAD
    0x08002fc8   0x08002fc8   0x0000008e   Code   RO          853    .text.HAL_DMA_Abort  stm32f4xx_hal_dma.o
    0x08003056   0x08003056   0x00000002   PAD
    0x08003058   0x08003058   0x00000024   Code   RO          855    .text.HAL_DMA_Abort_IT  stm32f4xx_hal_dma.o
    0x0800307c   0x0800307c   0x000001c0   Code   RO          859    .text.HAL_DMA_IRQHandler  stm32f4xx_hal_dma.o
    0x0800323c   0x0800323c   0x00000162   Code   RO          845    .text.HAL_DMA_Init  stm32f4xx_hal_dma.o
    0x0800339e   0x0800339e   0x00000002   PAD
    0x080033a0   0x080033a0   0x00000028   Code   RO         1006    .text.HAL_Delay     stm32f4xx_hal.o
    0x080033c8   0x080033c8   0x0000003a   Code   RO          368    .text.HAL_Delay_us  user_delay.o
    0x08003402   0x08003402   0x00000002   PAD
    0x08003404   0x08003404   0x00000002   Code   RO          821    .text.HAL_GPIO_EXTI_Callback  stm32f4xx_hal_gpio.o
    0x08003406   0x08003406   0x00000002   PAD
    0x08003408   0x08003408   0x00000016   Code   RO          819    .text.HAL_GPIO_EXTI_IRQHandler  stm32f4xx_hal_gpio.o
    0x0800341e   0x0800341e   0x00000002   PAD
    0x08003420   0x08003420   0x000001a6   Code   RO          807    .text.HAL_GPIO_Init  stm32f4xx_hal_gpio.o
    0x080035c6   0x080035c6   0x00000002   PAD
    0x080035c8   0x080035c8   0x0000000a   Code   RO          811    .text.HAL_GPIO_ReadPin  stm32f4xx_hal_gpio.o
    0x080035d2   0x080035d2   0x00000002   PAD
    0x080035d4   0x080035d4   0x0000000a   Code   RO          813    .text.HAL_GPIO_WritePin  stm32f4xx_hal_gpio.o
    0x080035de   0x080035de   0x00000002   PAD
    0x080035e0   0x080035e0   0x0000000c   Code   RO          998    .text.HAL_GetTick   stm32f4xx_hal.o
    0x080035ec   0x080035ec   0x00000176   Code   RO         1076    .text.HAL_I2C_Init  stm32f4xx_hal_i2c.o
    0x08003762   0x08003762   0x00000002   PAD
    0x08003764   0x08003764   0x0000036e   Code   RO         1120    .text.HAL_I2C_Mem_Read  stm32f4xx_hal_i2c.o
    0x08003ad2   0x08003ad2   0x00000002   PAD
    0x08003ad4   0x08003ad4   0x000001da   Code   RO         1116    .text.HAL_I2C_Mem_Write  stm32f4xx_hal_i2c.o
    0x08003cae   0x08003cae   0x00000002   PAD
    0x08003cb0   0x08003cb0   0x000000aa   Code   RO          451    .text.HAL_I2C_MspInit  i2c.o
    0x08003d5a   0x08003d5a   0x00000002   PAD
    0x08003d5c   0x08003d5c   0x0000001a   Code   RO          996    .text.HAL_IncTick   stm32f4xx_hal.o
    0x08003d76   0x08003d76   0x00000002   PAD
    0x08003d78   0x08003d78   0x00000036   Code   RO          986    .text.HAL_Init      stm32f4xx_hal.o
    0x08003dae   0x08003dae   0x00000002   PAD
    0x08003db0   0x08003db0   0x00000048   Code   RO          988    .text.HAL_InitTick  stm32f4xx_hal.o
    0x08003df8   0x08003df8   0x00000038   Code   RO          592    .text.HAL_MspInit   stm32f4xx_hal_msp.o
    0x08003e30   0x08003e30   0x00000026   Code   RO          944    .text.HAL_NVIC_EnableIRQ  stm32f4xx_hal_cortex.o
    0x08003e56   0x08003e56   0x00000002   PAD
    0x08003e58   0x08003e58   0x00000056   Code   RO          942    .text.HAL_NVIC_SetPriority  stm32f4xx_hal_cortex.o
    0x08003eae   0x08003eae   0x00000002   PAD
    0x08003eb0   0x08003eb0   0x00000020   Code   RO          940    .text.HAL_NVIC_SetPriorityGrouping  stm32f4xx_hal_cortex.o
    0x08003ed0   0x08003ed0   0x00000160   Code   RO          701    .text.HAL_RCC_ClockConfig  stm32f4xx_hal_rcc.o
    0x08004030   0x08004030   0x0000000c   Code   RO          711    .text.HAL_RCC_GetHCLKFreq  stm32f4xx_hal_rcc.o
    0x0800403c   0x0800403c   0x00000026   Code   RO          713    .text.HAL_RCC_GetPCLK1Freq  stm32f4xx_hal_rcc.o
    0x08004062   0x08004062   0x00000002   PAD
    0x08004064   0x08004064   0x00000026   Code   RO          715    .text.HAL_RCC_GetPCLK2Freq  stm32f4xx_hal_rcc.o
    0x0800408a   0x0800408a   0x00000002   PAD
    0x0800408c   0x0800408c   0x0000006a   Code   RO          703    .text.HAL_RCC_GetSysClockFreq  stm32f4xx_hal_rcc.o
    0x080040f6   0x080040f6   0x00000002   PAD
    0x080040f8   0x080040f8   0x00000374   Code   RO          699    .text.HAL_RCC_OscConfig  stm32f4xx_hal_rcc.o
    0x0800446c   0x0800446c   0x000000b4   Code   RO         1211    .text.HAL_SPI_Init  stm32f4xx_hal_spi.o
    0x08004520   0x08004520   0x000000a2   Code   RO          466    .text.HAL_SPI_MspInit  spi.o
    0x080045c2   0x080045c2   0x00000002   PAD
    0x080045c4   0x080045c4   0x00000318   Code   RO         1223    .text.HAL_SPI_TransmitReceive  stm32f4xx_hal_spi.o
    0x080048dc   0x080048dc   0x0000002c   Code   RO          952    .text.HAL_SYSTICK_Config  stm32f4xx_hal_cortex.o
    0x08004908   0x08004908   0x00000002   Code   RO         1630    .text.HAL_TIMEx_BreakCallback  stm32f4xx_hal_tim_ex.o
    0x0800490a   0x0800490a   0x00000002   PAD
    0x0800490c   0x0800490c   0x00000002   Code   RO         1626    .text.HAL_TIMEx_CommutCallback  stm32f4xx_hal_tim_ex.o
    0x0800490e   0x0800490e   0x00000002   PAD
    0x08004910   0x08004910   0x000000b6   Code   RO         1620    .text.HAL_TIMEx_MasterConfigSynchronization  stm32f4xx_hal_tim_ex.o
    0x080049c6   0x080049c6   0x00000002   PAD
    0x080049c8   0x080049c8   0x0000005a   Code   RO         1325    .text.HAL_TIM_Base_Init  stm32f4xx_hal_tim.o
    0x08004a22   0x08004a22   0x00000002   PAD
    0x08004a24   0x08004a24   0x00000132   Code   RO          491    .text.HAL_TIM_Base_MspInit  tim.o
    0x08004b56   0x08004b56   0x00000002   PAD
    0x08004b58   0x08004b58   0x000000aa   Code   RO         1339    .text.HAL_TIM_Base_Start_IT  stm32f4xx_hal_tim.o
    0x08004c02   0x08004c02   0x00000002   PAD
    0x08004c04   0x08004c04   0x0000019c   Code   RO         1505    .text.HAL_TIM_ConfigClockSource  stm32f4xx_hal_tim.o
    0x08004da0   0x08004da0   0x00000002   Code   RO         1461    .text.HAL_TIM_IC_CaptureCallback  stm32f4xx_hal_tim.o
    0x08004da2   0x08004da2   0x00000002   PAD
    0x08004da4   0x08004da4   0x00000170   Code   RO         1459    .text.HAL_TIM_IRQHandler  stm32f4xx_hal_tim.o
    0x08004f14   0x08004f14   0x00000002   Code   RO         1463    .text.HAL_TIM_OC_DelayElapsedCallback  stm32f4xx_hal_tim.o
    0x08004f16   0x08004f16   0x00000002   PAD
    0x08004f18   0x08004f18   0x00000222   Code   RO         1479    .text.HAL_TIM_PWM_ConfigChannel  stm32f4xx_hal_tim.o
    0x0800513a   0x0800513a   0x00000002   PAD
    0x0800513c   0x0800513c   0x0000005a   Code   RO         1379    .text.HAL_TIM_PWM_Init  stm32f4xx_hal_tim.o
    0x08005196   0x08005196   0x00000002   PAD
    0x08005198   0x08005198   0x00000002   Code   RO         1381    .text.HAL_TIM_PWM_MspInit  stm32f4xx_hal_tim.o
    0x0800519a   0x0800519a   0x00000002   PAD
    0x0800519c   0x0800519c   0x00000002   Code   RO         1465    .text.HAL_TIM_PWM_PulseFinishedCallback  stm32f4xx_hal_tim.o
    0x0800519e   0x0800519e   0x00000002   PAD
    0x080051a0   0x080051a0   0x00000112   Code   RO         1387    .text.HAL_TIM_PWM_Start  stm32f4xx_hal_tim.o
    0x080052b2   0x080052b2   0x00000002   PAD
    0x080052b4   0x080052b4   0x00000002   Code   RO         1467    .text.HAL_TIM_PeriodElapsedCallback  stm32f4xx_hal_tim.o
    0x080052b6   0x080052b6   0x00000002   PAD
    0x080052b8   0x080052b8   0x00000002   Code   RO         1469    .text.HAL_TIM_TriggerCallback  stm32f4xx_hal_tim.o
    0x080052ba   0x080052ba   0x00000002   PAD
    0x080052bc   0x080052bc   0x00000002   Code   RO         1728    .text.HAL_UARTEx_RxEventCallback  stm32f4xx_hal_uart.o
    0x080052be   0x080052be   0x00000002   PAD
    0x080052c0   0x080052c0   0x00000002   Code   RO         1726    .text.HAL_UART_ErrorCallback  stm32f4xx_hal_uart.o
    0x080052c2   0x080052c2   0x00000002   PAD
    0x080052c4   0x080052c4   0x00000564   Code   RO         1720    .text.HAL_UART_IRQHandler  stm32f4xx_hal_uart.o
    0x08005828   0x08005828   0x0000005e   Code   RO         1644    .text.HAL_UART_Init  stm32f4xx_hal_uart.o
    0x08005886   0x08005886   0x00000002   PAD
    0x08005888   0x08005888   0x000001ac   Code   RO          518    .text.HAL_UART_MspInit  usart.o
    0x08005a34   0x08005a34   0x0000005e   Code   RO         1666    .text.HAL_UART_Receive_IT  stm32f4xx_hal_uart.o
    0x08005a92   0x08005a92   0x00000002   PAD
    0x08005a94   0x08005a94   0x000000de   Code   RO          522    .text.HAL_UART_RxCpltCallback  usart.o
    0x08005b72   0x08005b72   0x00000002   PAD
    0x08005b74   0x08005b74   0x00000002   Code   RO         1730    .text.HAL_UART_TxCpltCallback  stm32f4xx_hal_uart.o
    0x08005b76   0x08005b76   0x00000002   PAD
    0x08005b78   0x08005b78   0x00000002   Code   RO          547    .text.HardFault_Handler  stm32f4xx_it.o
    0x08005b7a   0x08005b7a   0x00000002   PAD
    0x08005b7c   0x08005b7c   0x0000031e   Code   RO         1122    .text.I2C_RequestMemoryRead  stm32f4xx_hal_i2c.o
    0x08005e9a   0x08005e9a   0x00000002   PAD
    0x08005e9c   0x08005e9c   0x00000272   Code   RO         1118    .text.I2C_RequestMemoryWrite  stm32f4xx_hal_i2c.o
    0x0800610e   0x0800610e   0x00000002   PAD
    0x08006110   0x08006110   0x000000a8   Code   RO         1088    .text.I2C_WaitOnBTFFlagUntilTimeout  stm32f4xx_hal_i2c.o
    0x080061b8   0x080061b8   0x00000150   Code   RO         1086    .text.I2C_WaitOnFlagUntilTimeout  stm32f4xx_hal_i2c.o
    0x08006308   0x08006308   0x000000b8   Code   RO         1200    .text.I2C_WaitOnMasterAddressFlagUntilTimeout  stm32f4xx_hal_i2c.o
    0x080063c0   0x080063c0   0x00000070   Code   RO          147    .text.IMU_read      imu.o
    0x08006430   0x08006430   0x0000000c   Code   RO          161    .text.IST_read      ist.o
    0x0800643c   0x0800643c   0x0000001e   Code   RO          377    .text.Init_all      user_init.o
    0x0800645a   0x0800645a   0x00000002   PAD
    0x0800645c   0x0800645c   0x0000012c   Code   RO          221    .text.Joystick_motor_control  joystick.o
    0x08006588   0x08006588   0x000000ce   Code   RO          217    .text.Joystick_motor_start  joystick.o
    0x08006656   0x08006656   0x00000002   PAD
    0x08006658   0x08006658   0x00000040   Code   RO          421    .text.MX_CAN1_Init  can.o
    0x08006698   0x08006698   0x00000040   Code   RO          423    .text.MX_CAN2_Init  can.o
    0x080066d8   0x080066d8   0x00000048   Code   RO          440    .text.MX_DMA_Init   dma.o
    0x08006720   0x08006720   0x0000016e   Code   RO          412    .text.MX_GPIO_Init  gpio.o
    0x0800688e   0x0800688e   0x00000002   PAD
    0x08006890   0x08006890   0x00000042   Code   RO          449    .text.MX_I2C3_Init  i2c.o
    0x080068d2   0x080068d2   0x00000002   PAD
    0x080068d4   0x080068d4   0x00000052   Code   RO          464    .text.MX_SPI1_Init  spi.o
    0x08006926   0x08006926   0x00000002   PAD
    0x08006928   0x08006928   0x000000ee   Code   RO          489    .text.MX_TIM10_Init  tim.o
    0x08006a16   0x08006a16   0x00000002   PAD
    0x08006a18   0x08006a18   0x00000082   Code   RO          479    .text.MX_TIM1_Init  tim.o
    0x08006a9a   0x08006a9a   0x00000002   PAD
    0x08006a9c   0x08006a9c   0x00000082   Code   RO          481    .text.MX_TIM4_Init  tim.o
    0x08006b1e   0x08006b1e   0x00000002   PAD
    0x08006b20   0x08006b20   0x00000184   Code   RO          483    .text.MX_TIM5_Init  tim.o
    0x08006ca4   0x08006ca4   0x00000084   Code   RO          487    .text.MX_TIM8_Init  tim.o
    0x08006d28   0x08006d28   0x0000003e   Code   RO          514    .text.MX_USART1_UART_Init  usart.o
    0x08006d66   0x08006d66   0x00000002   PAD
    0x08006d68   0x08006d68   0x00000050   Code   RO          516    .text.MX_USART6_UART_Init  usart.o
    0x08006db8   0x08006db8   0x00000002   Code   RO          549    .text.MemManage_Handler  stm32f4xx_it.o
    0x08006dba   0x08006dba   0x00000006   PAD
    0x08006dc0   0x08006dc0   0x00000110   Code   RO          265    .text.Motor_Speed_Calc  motor_speed_pid.o
    0x08006ed0   0x08006ed0   0x000000f8   Code   RO          267    .text.Motor_Speed_pid_init  motor_speed_pid.o
    0x08006fc8   0x08006fc8   0x00000002   Code   RO          545    .text.NMI_Handler   stm32f4xx_it.o
    0x08006fca   0x08006fca   0x00000002   PAD
    0x08006fcc   0x08006fcc   0x000000b0   Code   RO          310    .text.PS2_Cmd       ps2.o
    0x0800707c   0x0800707c   0x00000068   Code   RO          324    .text.PS2_EnterConfing  ps2.o
    0x080070e4   0x080070e4   0x00000068   Code   RO          330    .text.PS2_ExitConfing  ps2.o
    0x0800714c   0x0800714c   0x0000012e   Code   RO          332    .text.PS2_SetInit   ps2.o
    0x0800727a   0x0800727a   0x00000002   PAD
    0x0800727c   0x0800727c   0x00000062   Code   RO          326    .text.PS2_TurnOnAnalogMode  ps2.o
    0x080072de   0x080072de   0x00000002   PAD
    0x080072e0   0x080072e0   0x00000114   Code   RO          602    .text.ParseGpsBuffer  gps.o
    0x080073f4   0x080073f4   0x00000002   Code   RO          559    .text.PendSV_Handler  stm32f4xx_it.o
    0x080073f6   0x080073f6   0x00000002   PAD
    0x080073f8   0x080073f8   0x000000e4   Code   RO         1315    .text.SPI_WaitFlagStateUntilTimeout  stm32f4xx_hal_spi.o
    0x080074dc   0x080074dc   0x00000002   Code   RO          555    .text.SVC_Handler   stm32f4xx_it.o
    0x080074de   0x080074de   0x00000002   PAD
    0x080074e0   0x080074e0   0x000001e6   Code   RO          271    .text.Speed_set     motor_speed_pid.o
    0x080076c6   0x080076c6   0x00000002   PAD
    0x080076c8   0x080076c8   0x00000004   Code   RO          561    .text.SysTick_Handler  stm32f4xx_it.o
    0x080076cc   0x080076cc   0x000000b0   Code   RO          398    .text.SystemClock_Config  main.o
    0x0800777c   0x0800777c   0x00000012   Code   RO         1764    .text.SystemInit    system_stm32f4xx_1.o
    0x0800778e   0x0800778e   0x00000002   PAD
    0x08007790   0x08007790   0x0000001e   Code   RO          569    .text.TIM1_UP_TIM10_IRQHandler  stm32f4xx_it.o
    0x080077ae   0x080077ae   0x00000002   PAD
    0x080077b0   0x080077b0   0x0000000c   Code   RO          571    .text.TIM4_IRQHandler  stm32f4xx_it.o
    0x080077bc   0x080077bc   0x00000124   Code   RO          575    .text.TIM8_UP_TIM13_IRQHandler  stm32f4xx_it.o
    0x080078e0   0x080078e0   0x0000013c   Code   RO         1329    .text.TIM_Base_SetConfig  stm32f4xx_hal_tim.o
    0x08007a1c   0x08007a1c   0x0000000c   Code   RO         1724    .text.UART_DMAAbortOnError  stm32f4xx_hal_uart.o
    0x08007a28   0x08007a28   0x000000fe   Code   RO         1722    .text.UART_Receive_IT  stm32f4xx_hal_uart.o
    0x08007b26   0x08007b26   0x00000002   PAD
    0x08007b28   0x08007b28   0x000000ee   Code   RO         1648    .text.UART_SetConfig  stm32f4xx_hal_uart.o
    0x08007c16   0x08007c16   0x00000002   PAD
    0x08007c18   0x08007c18   0x0000000c   Code   RO          573    .text.USART1_IRQHandler  stm32f4xx_it.o
    0x08007c24   0x08007c24   0x0000000c   Code   RO          581    .text.USART6_IRQHandler  stm32f4xx_it.o
    0x08007c30   0x08007c30   0x00000002   Code   RO          553    .text.UsageFault_Handler  stm32f4xx_it.o
    0x08007c32   0x08007c32   0x00000002   PAD
    0x08007c34   0x08007c34   0x00000002   Code   RO          508    .text._sys_exit     usart.o
    0x08007c36   0x08007c36   0x00000002   PAD
    0x08007c38   0x08007c38   0x00000250   Code   RO           13    .text.bmi088_accel_init  bmi088driver.o
    0x08007e88   0x08007e88   0x00000212   Code   RO           15    .text.bmi088_gyro_init  bmi088driver.o
    0x0800809a   0x0800809a   0x00000002   PAD
    0x0800809c   0x0800809c   0x00000062   Code   RO           56    .text.can_filter_init  bsp_can.o
    0x080080fe   0x080080fe   0x00000002   PAD
    0x08008100   0x08008100   0x00000012   Code   RO          528    .text.clrStruct     usart.o
    0x08008112   0x08008112   0x00000002   PAD
    0x08008114   0x08008114   0x00000028   Code   RO          510    .text.fputc         usart.o
    0x0800813c   0x0800813c   0x00000002   Code   RO          189    .text.ist8310_GPIO_init  ist8310driver_middleware.o
    0x0800813e   0x0800813e   0x00000002   PAD
    0x08008140   0x08008140   0x00000028   Code   RO          197    .text.ist8310_IIC_read_muli_reg  ist8310driver_middleware.o
    0x08008168   0x08008168   0x00000036   Code   RO          193    .text.ist8310_IIC_read_single_reg  ist8310driver_middleware.o
    0x0800819e   0x0800819e   0x00000002   PAD
    0x080081a0   0x080081a0   0x00000030   Code   RO          195    .text.ist8310_IIC_write_single_reg  ist8310driver_middleware.o
    0x080081d0   0x080081d0   0x00000010   Code   RO          205    .text.ist8310_RST_H  ist8310driver_middleware.o
    0x080081e0   0x080081e0   0x00000010   Code   RO          207    .text.ist8310_RST_L  ist8310driver_middleware.o
    0x080081f0   0x080081f0   0x00000002   Code   RO          191    .text.ist8310_com_init  ist8310driver_middleware.o
    0x080081f2   0x080081f2   0x00000002   PAD
    0x080081f4   0x080081f4   0x00000004   Code   RO          201    .text.ist8310_delay_ms  ist8310driver_middleware.o
    0x080081f8   0x080081f8   0x0000004a   Code   RO          203    .text.ist8310_delay_us  ist8310driver_middleware.o
    0x08008242   0x08008242   0x00000002   PAD
    0x08008244   0x08008244   0x000000d8   Code   RO          175    .text.ist8310_init  ist8310driver.o
    0x0800831c   0x0800831c   0x0000005c   Code   RO          179    .text.ist8310_read_mag  ist8310driver.o
    0x08008378   0x08008378   0x00000018   Code   RO          234    .text.led_green_start  led.o
    0x08008390   0x08008390   0x00000018   Code   RO          236    .text.led_red_start  led.o
    0x080083a8   0x080083a8   0x00000314   Code   RO          396    .text.main          main.o
    0x080086bc   0x080086bc   0x00000004   PAD
    0x080086c0   0x080086c0   0x00000164   Code   RO          295    .text.pid_calculate  pid.o
    0x08008824   0x08008824   0x0000001e   Code   RO          289    .text.pid_init      pid.o
    0x08008842   0x08008842   0x00000002   PAD
    0x08008844   0x08008844   0x0000005a   Code   RO          291    .text.pid_param_init  pid.o
    0x0800889e   0x0800889e   0x00000002   PAD
    0x080088a0   0x080088a0   0x00000008   Code   RO          293    .text.pid_reset     pid.o
    0x080088a8   0x080088a8   0x0000003e   Code   RO         2129    CL$$btod_d2e        c_w.l(btod.o)
    0x080088e6   0x080088e6   0x00000046   Code   RO         2131    CL$$btod_d2e_denorm_low  c_w.l(btod.o)
    0x0800892c   0x0800892c   0x00000060   Code   RO         2130    CL$$btod_d2e_norm_op1  c_w.l(btod.o)
    0x0800898c   0x0800898c   0x00000338   Code   RO         2139    CL$$btod_div_common  c_w.l(btod.o)
    0x08008cc4   0x08008cc4   0x00000084   Code   RO         2137    CL$$btod_e2d        c_w.l(btod.o)
    0x08008d48   0x08008d48   0x000000dc   Code   RO         2136    CL$$btod_e2e        c_w.l(btod.o)
    0x08008e24   0x08008e24   0x0000002a   Code   RO         2133    CL$$btod_ediv       c_w.l(btod.o)
    0x08008e4e   0x08008e4e   0x0000002a   Code   RO         2135    CL$$btod_edivd      c_w.l(btod.o)
    0x08008e78   0x08008e78   0x0000002a   Code   RO         2132    CL$$btod_emul       c_w.l(btod.o)
    0x08008ea2   0x08008ea2   0x0000002a   Code   RO         2134    CL$$btod_emuld      c_w.l(btod.o)
    0x08008ecc   0x08008ecc   0x00000244   Code   RO         2138    CL$$btod_mult_common  c_w.l(btod.o)
    0x08009110   0x08009110   0x00000030   Code   RO         2040    i.__ARM_fpclassify  m_wm.l(fpclassify.o)
    0x08009140   0x08009140   0x00000026   Code   RO         2042    i.__ARM_fpclassifyf  m_wm.l(fpclassifyf.o)
    0x08009166   0x08009166   0x00000002   PAD
    0x08009168   0x08009168   0x000000f8   Code   RO         2286    i.__hardfp___mathlib_tofloat  m_wm.l(narrow.o)
    0x08009260   0x08009260   0x0000012c   Code   RO         1864    i.__hardfp_asinf    m_wm.l(asinf.o)
    0x0800938c   0x0800938c   0x000002ac   Code   RO         1870    i.__hardfp_atan2f   m_wm.l(atan2f.o)
    0x08009638   0x08009638   0x00000038   Code   RO         1876    i.__hardfp_atof     m_wm.l(atof.o)
    0x08009670   0x08009670   0x00000150   Code   RO         1882    i.__hardfp_cosf     m_wm.l(cosf.o)
    0x080097c0   0x080097c0   0x000000d0   Code   RO         2342    i.__hardfp_ldexp    m_wm.l(ldexp.o)
    0x08009890   0x08009890   0x00000190   Code   RO         1907    i.__hardfp_sinf     m_wm.l(sinf.o)
    0x08009a20   0x08009a20   0x00000020   Code   RO         2024    i.__mathlib_dbl_overflow  m_wm.l(dunder.o)
    0x08009a40   0x08009a40   0x00000020   Code   RO         2026    i.__mathlib_dbl_underflow  m_wm.l(dunder.o)
    0x08009a60   0x08009a60   0x00000006   Code   RO         2045    i.__mathlib_flt_infnan  m_wm.l(funder.o)
    0x08009a66   0x08009a66   0x00000006   Code   RO         2046    i.__mathlib_flt_infnan2  m_wm.l(funder.o)
    0x08009a6c   0x08009a6c   0x00000010   Code   RO         2047    i.__mathlib_flt_invalid  m_wm.l(funder.o)
    0x08009a7c   0x08009a7c   0x00000010   Code   RO         2050    i.__mathlib_flt_underflow  m_wm.l(funder.o)
    0x08009a8c   0x08009a8c   0x00000012   Code   RO         2287    i.__mathlib_narrow  m_wm.l(narrow.o)
    0x08009a9e   0x08009a9e   0x00000002   PAD
    0x08009aa0   0x08009aa0   0x00000154   Code   RO         2066    i.__mathlib_rredf2  m_wm.l(rredf.o)
    0x08009bf4   0x08009bf4   0x00000014   Code   RO         2344    i.__support_ldexp   m_wm.l(ldexp.o)
    0x08009c08   0x08009c08   0x0000000e   Code   RO         1804    i._is_digit         c_w.l(__printf_wp.o)
    0x08009c16   0x08009c16   0x00000002   PAD
    0x08009c18   0x08009c18   0x0000008c   Code   RO         2317    i.frexp             m_wm.l(frexp.o)
    0x08009ca4   0x08009ca4   0x0000003e   Code   RO         2080    i.sqrtf             m_wm.l(sqrtf.o)
    0x08009ce2   0x08009ce2   0x00000002   PAD
    0x08009ce4   0x08009ce4   0x0000002c   Code   RO         2160    locale$$code        c_w.l(lc_numeric_c.o)
    0x08009d10   0x08009d10   0x0000002c   Code   RO         2262    locale$$code        c_w.l(lc_ctype_c.o)
    0x08009d3c   0x08009d3c   0x00000062   Code   RO         1836    x$fpl$d2f           fz_wm.l(d2f.o)
    0x08009d9e   0x08009d9e   0x00000002   PAD
    0x08009da0   0x08009da0   0x00000150   Code   RO         1838    x$fpl$dadd          fz_wm.l(daddsub_clz.o)
    0x08009ef0   0x08009ef0   0x00000010   Code   RO         2162    x$fpl$dcheck1       fz_wm.l(dcheck1.o)
    0x08009f00   0x08009f00   0x00000018   Code   RO         2246    x$fpl$dcmpinf       fz_wm.l(dcmpi.o)
    0x08009f18   0x08009f18   0x000002b4   Code   RO         1845    x$fpl$ddiv          fz_wm.l(ddiv.o)
    0x0800a1cc   0x0800a1cc   0x00000078   Code   RO         2313    x$fpl$deqf          fz_wm.l(deqf.o)
    0x0800a244   0x0800a244   0x0000005e   Code   RO         1848    x$fpl$dfix          fz_wm.l(dfix.o)
    0x0800a2a2   0x0800a2a2   0x0000002e   Code   RO         1853    x$fpl$dflt          fz_wm.l(dflt_clz.o)
    0x0800a2d0   0x0800a2d0   0x00000026   Code   RO         1852    x$fpl$dfltu         fz_wm.l(dflt_clz.o)
    0x0800a2f6   0x0800a2f6   0x00000002   PAD
    0x0800a2f8   0x0800a2f8   0x00000078   Code   RO         2164    x$fpl$dleqf         fz_wm.l(dleqf.o)
    0x0800a370   0x0800a370   0x00000154   Code   RO         1858    x$fpl$dmul          fz_wm.l(dmul.o)
    0x0800a4c4   0x0800a4c4   0x0000009c   Code   RO         1996    x$fpl$dnaninf       fz_wm.l(dnaninf.o)
    0x0800a560   0x0800a560   0x0000000c   Code   RO         2000    x$fpl$dretinf       fz_wm.l(dretinf.o)
    0x0800a56c   0x0800a56c   0x0000006c   Code   RO         2002    x$fpl$drleqf        fz_wm.l(drleqf.o)
    0x0800a5d8   0x0800a5d8   0x000001dc   Code   RO         1840    x$fpl$dsub          fz_wm.l(daddsub_clz.o)
    0x0800a7b4   0x0800a7b4   0x00000056   Code   RO         1860    x$fpl$f2d           fz_wm.l(f2d.o)
    0x0800a80a   0x0800a80a   0x0000008c   Code   RO         2004    x$fpl$fnaninf       fz_wm.l(fnaninf.o)
    0x0800a896   0x0800a896   0x0000001a   Code   RO         2276    x$fpl$fpinit        fz_wm.l(fpinit.o)
    0x0800a8b0   0x0800a8b0   0x0000000a   Code   RO         2006    x$fpl$fretinf       fz_wm.l(fretinf.o)
    0x0800a8ba   0x0800a8ba   0x00000006   Code   RO         2168    x$fpl$ieeestatus    fz_wm.l(istatus.o)
    0x0800a8c0   0x0800a8c0   0x00000004   Code   RO         1862    x$fpl$printf1       fz_wm.l(printf1.o)
    0x0800a8c4   0x0800a8c4   0x00000064   Code   RO         2248    x$fpl$retnan        fz_wm.l(retnan.o)
    0x0800a928   0x0800a928   0x0000005c   Code   RO         2014    x$fpl$scalbn        fz_wm.l(scalbn.o)
    0x0800a984   0x0800a984   0x00000004   Code   RO         2170    x$fpl$scanf1        fz_wm.l(scanf1.o)
    0x0800a988   0x0800a988   0x00000008   Code   RO         2278    x$fpl$scanf2        fz_wm.l(scanf2.o)
    0x0800a990   0x0800a990   0x00000030   Code   RO         2284    x$fpl$trapveneer    fz_wm.l(trapv.o)
    0x0800a9c0   0x0800a9c0   0x00000000   Code   RO         2016    x$fpl$usenofp       fz_wm.l(usenofp.o)
    0x0800a9c0   0x0800a9c0   0x00000011   Data   RO         1812    .constdata          c_w.l(__printf_flags_ss_wp.o)
    0x0800a9d1   0x0800a9d1   0x00000003   PAD
    0x0800a9d4   0x0800a9d4   0x00000020   Data   RO         2067    .constdata          m_wm.l(rredf.o)
    0x0800a9f4   0x0800a9f4   0x00000094   Data   RO         2127    .constdata          c_w.l(bigflt0.o)
    0x0800aa88   0x0800aa88   0x00000010   Data   RO         1769    .rodata.AHBPrescTable  system_stm32f4xx_1.o
    0x0800aa98   0x0800aa98   0x00000008   Data   RO         1770    .rodata.APBPrescTable  system_stm32f4xx_1.o
    0x0800aaa0   0x0800aaa0   0x00000008   Data   RO          869    .rodata.cst8        stm32f4xx_hal_dma.o
    0x0800aaa8   0x0800aaa8   0x0000000d   Data   RO          608    .rodata.str1.1      gps.o
    0x0800aab5   0x0800aab5   0x00000012   Data   RO           19    .rodata.write_BMI088_accel_reg_data_error  bmi088driver.o
    0x0800aac7   0x0800aac7   0x00000012   Data   RO           20    .rodata.write_BMI088_gyro_reg_data_error  bmi088driver.o
    0x0800aad9   0x0800aad9   0x00000003   PAD
    0x0800aadc   0x0800aadc   0x00000020   Data   RO         2386    Region$$Table       anon$$obj.o
    0x0800aafc   0x0800aafc   0x00000008   Data   RO         2272    c$$dinf             fz_wm.l(fpconst.o)
    0x0800ab04   0x0800ab04   0x00000008   Data   RO         2275    c$$dmax             fz_wm.l(fpconst.o)
    0x0800ab0c   0x0800ab0c   0x0000001c   Data   RO         2159    locale$$data        c_w.l(lc_numeric_c.o)
    0x0800ab28   0x0800ab28   0x00000110   Data   RO         2261    locale$$data        c_w.l(lc_ctype_c.o)


    Execution Region RW_IRAM1 (Exec base: 0x20000000, Load base: 0x0800ac38, Size: 0x00000ea0, Max: 0x0001c000, ABSOLUTE)

    Exec Addr    Load Addr    Size         Type   Attr      Idx    E Section Name        Object

    0x20000000   0x0800ac38   0x00000008   Data   RW           21    .data..L_MergedGlobals  bmi088driver.o
    0x20000008   0x0800ac40   0x00000010   Data   RW          223    .data..L_MergedGlobals  joystick.o
    0x20000018   0x0800ac50   0x00000008   Data   RW          279    .data..L_MergedGlobals  motor_speed_pid.o
    0x20000020   0x0800ac58   0x00000008   Data   RW         1041    .data..L_MergedGlobals  stm32f4xx_hal.o
    0x20000028   0x0800ac60   0x00000004   Data   RW         1768    .data.SystemCoreClock  system_stm32f4xx_1.o
    0x2000002c   0x0800ac64   0x00000004   PAD
    0x20000030        -       0x00000060   Zero   RW         2173    .bss                c_w.l(libspace.o)
    0x20000090        -       0x00000040   Zero   RW           85    .bss..L_MergedGlobals  can_receive.o
    0x200000d0        -       0x0000001c   Zero   RW          153    .bss..L_MergedGlobals  imu.o
    0x200000ec        -       0x00000021   Zero   RW          345    .bss..L_MergedGlobals  ps2.o
    0x2000010d   0x0800ac64   0x00000003   PAD
    0x20000110        -       0x00000008   Zero   RW          403    .bss..L_MergedGlobals  main.o
    0x20000118        -       0x00000048   Zero   RW          536    .bss..L_MergedGlobals  usart.o
    0x20000160        -       0x00000010   Zero   RW          584    .bss..L_MergedGlobals  stm32f4xx_it.o
    0x20000170        -       0x00000014   Zero   RW          224    .bss..L_MergedGlobals.1  joystick.o
    0x20000184        -       0x0000001c   Zero   RW          280    .bss..L_MergedGlobals.1  motor_speed_pid.o
    0x200001a0        -       0x00000004   Zero   RW          431    .bss.HAL_RCC_CAN1_CLK_ENABLED  can.o
    0x200001a4        -       0x0000000c   Zero   RW          167    .bss.IST8310data    ist.o
    0x200001b0        -       0x00000079   Zero   RW          534    .bss.Save_Data      usart.o
    0x20000229   0x0800ac64   0x00000003   PAD
    0x2000022c        -       0x000000c8   Zero   RW          533    .bss.USART_RX_BUF   usart.o
    0x200002f4        -       0x00000054   Zero   RW          535    .bss.__stdout       usart.o
    0x20000348        -       0x00000028   Zero   RW          429    .bss.hcan1          can.o
    0x20000370        -       0x00000028   Zero   RW          430    .bss.hcan2          can.o
    0x20000398        -       0x00000060   Zero   RW          531    .bss.hdma_usart1_tx  usart.o
    0x200003f8        -       0x00000060   Zero   RW          532    .bss.hdma_usart6_tx  usart.o
    0x20000458        -       0x00000054   Zero   RW          455    .bss.hi2c3          i2c.o
    0x200004ac        -       0x00000058   Zero   RW          470    .bss.hspi1          spi.o
    0x20000504        -       0x00000048   Zero   RW          495    .bss.htim1          tim.o
    0x2000054c        -       0x00000048   Zero   RW          499    .bss.htim10         tim.o
    0x20000594        -       0x00000048   Zero   RW          496    .bss.htim4          tim.o
    0x200005dc        -       0x00000048   Zero   RW          497    .bss.htim5          tim.o
    0x20000624        -       0x00000048   Zero   RW          498    .bss.htim8          tim.o
    0x2000066c        -       0x00000044   Zero   RW          530    .bss.huart6         usart.o
    0x200006b0        -       0x00000046   Zero   RW           84    .bss.motor_chassis  can_receive.o
    0x200006f6   0x0800ac64   0x00000002   PAD
    0x200006f8        -       0x000001a0   Zero   RW          276    .bss.motor_pid      motor_speed_pid.o
    0x20000898        -       0x00000004   Zero   RW          583    .bss.stop_flag      stm32f4xx_it.o
    0x2000089c        -       0x00000004   Zero   RW         1040    .bss.uwTick         stm32f4xx_hal.o
    0x200008a0        -       0x00000200   Zero   RW            2    HEAP                startup_stm32f407xx.o
    0x20000aa0        -       0x00000400   Zero   RW            1    STACK               startup_stm32f407xx.o


    Execution Region RW_IRAM2 (Exec base: 0x2001c000, Load base: 0x0800ac68, Size: 0x00000000, Max: 0x00004000, ABSOLUTE)

    **** No section assigned to this execution region ****


==============================================================================

Image component sizes


      Code (inc. data)   RO Data    RW Data    ZI Data      Debug   Object Name

      1560          0         36          8          0       5436   bmi088driver.o
       670          0          0          0          0       5492   bmi088middleware.o
        98          0          0          0          0       1355   bsp_can.o
       430          0          0          0         84       6646   can.o
       192          0          0          0        134       5771   can_receive.o
        72          0          0          0          0       3433   dma.o
      1582         32          0          0          0      16883   fusionahrs.o
       240         12          0          0          0       3617   fusioncompass.o
       366          0          0          0          0       4148   gpio.o
       388         40         13          0          0       2718   gps.o
       236          0          0          0         84       5247   i2c.o
       112          8          0          0         28       1069   imu.o
        12          0          0          0         12       1025   ist.o
       308         16          0          0          0       1930   ist8310driver.o
       256          0          0          0          0       4297   ist8310driver_middleware.o
       506          8          0         16         20       1451   joystick.o
        48          0          0          0          0       1255   led.o
       974         44          0          0          8       5481   main.o
      1006         32          0          8        444       4692   motor_speed_pid.o
       484         20          0          0          0       3097   pid.o
       784          0          0          0         33       5186   ps2.o
       244          0          0          0         88       5091   spi.o
        64         26        392          0       1536        816   startup_stm32f407xx.o
       204          0          0          8          4       7262   stm32f4xx_hal.o
      1710          6          0          0          0      13800   stm32f4xx_hal_can.o
       200          0          0          0          0      10492   stm32f4xx_hal_cortex.o
       980          6          8          0          0      10566   stm32f4xx_hal_dma.o
       466          0          0          0          0       5225   stm32f4xx_hal_gpio.o
      3838          0          0          0          0      53662   stm32f4xx_hal_i2c.o
        56          0          0          0          0       1424   stm32f4xx_hal_msp.o
      1430          0          0          0          0       7328   stm32f4xx_hal_rcc.o
      1200          0          0          0          0      26016   stm32f4xx_hal_spi.o
      2278          4          0          0          0      55003   stm32f4xx_hal_tim.o
       186          0          0          0          0      21208   stm32f4xx_hal_tim_ex.o
      2078          0          0          0          0      31685   stm32f4xx_hal_uart.o
       452          0          0          0         20       8605   stm32f4xx_it.o
        18          0         24          4          0       2615   system_stm32f4xx_1.o
      1324          0          0          0        360       9852   tim.o
       852          0          0          0        737       9431   usart.o
        58          0          0          0          0        767   user_delay.o
        30          0          0          0          0        355   user_init.o

    ----------------------------------------------------------------------
     28220        258        508         44       3604     371432   Object Totals
         0          0         32          0          0          0   (incl. Generated)
       228          4          3          0         12          0   (incl. Padding)

    ----------------------------------------------------------------------

      Code (inc. data)   RO Data    RW Data    ZI Data      Debug   Library Member Name

        24          4          0          0          0         84   __2printf.o
         8          0          0          0          0         68   __main.o
       392          4         17          0          0         92   __printf_flags_ss_wp.o
        14          0          0          0          0         68   __printf_wp.o
         0          0          0          0          0          0   __rtentry.o
        12          0          0          0          0          0   __rtentry2.o
         6          0          0          0          0          0   __rtentry4.o
        52          8          0          0          0          0   __scatter.o
        26          0          0          0          0          0   __scatter_copy.o
        28          0          0          0          0          0   __scatter_zi.o
        28          0          0          0          0         68   _chval.o
        44          0          0          0          0        108   _printf_char.o
        48          6          0          0          0         96   _printf_char_common.o
        36          4          0          0          0         80   _printf_char_file.o
         6          0          0          0          0          0   _printf_d.o
       120         16          0          0          0         92   _printf_dec.o
         6          0          0          0          0          0   _printf_f.o
      1052          0          0          0          0        148   _printf_fp_dec.o
       128         16          0          0          0         84   _printf_fp_infnan.o
       178          0          0          0          0         88   _printf_intcommon.o
         0          0          0          0          0          0   _printf_percent.o
         4          0          0          0          0          0   _printf_percent_end.o
         6          0          0          0          0          0   _printf_s.o
        82          0          0          0          0         80   _printf_str.o
        22          0          0          0          0        100   _rserrno.o
        64          0          0          0          0         84   _sgetc.o
       228          4        148          0          0         96   bigflt0.o
      2152        136          0          0          0        956   btod.o
        18          0          0          0          0         80   exit.o
         8          0          0          0          0         68   ferror.o
         6          0          0          0          0        152   heapauxi.o
        18          0          0          0          0         76   isspace.o
        44         10        272          0          0         76   lc_ctype_c.o
        44         10         28          0          0         76   lc_numeric_c.o
         2          0          0          0          0          0   libinit.o
        34          0          0          0          0          0   libinit2.o
         2          0          0          0          0          0   libshutdown.o
         2          0          0          0          0          0   libshutdown2.o
         8          4          0          0         96         68   libspace.o
        38          0          0          0          0         68   llshl.o
       138          0          0          0          0         80   lludiv10.o
       240          0          0          0          0        100   lludivv7m.o
        44          4          0          0          0         84   puts.o
        16          4          0          0          0         76   rt_ctype_table.o
         8          4          0          0          0         68   rt_errno_addr_intlibspace.o
         8          4          0          0          0         68   rt_locale_intlibspace.o
        68          0          0          0          0         68   rt_memclr.o
        78          0          0          0          0         80   rt_memclr_w.o
       138          0          0          0          0         68   rt_memcpy_v6.o
       100          0          0          0          0         80   rt_memcpy_w.o
         2          0          0          0          0          0   rtexit.o
        10          0          0          0          0          0   rtexit2.o
      1272         16          0          0          0        168   scanf_fp.o
       800         14          0          0          0        100   scanf_hexfp.o
       308         16          0          0          0        100   scanf_infnan.o
        20          0          0          0          0         68   strchr.o
       124          0          0          0          0         88   strcmpv7em.o
       176         14          0          0          0        124   strtod.o
        74          0          0          0          0         80   sys_stackheap_outer.o
        98          4          0          0          0        140   d2f.o
       812         16          0          0          0        392   daddsub_clz.o
        16          4          0          0          0        116   dcheck1.o
        24          0          0          0          0        116   dcmpi.o
       692        140          0          0          0        264   ddiv.o
       120          4          0          0          0        140   deqf.o
        94          4          0          0          0        140   dfix.o
        84          0          0          0          0        232   dflt_clz.o
       120          4          0          0          0        140   dleqf.o
       340         12          0          0          0        152   dmul.o
       156          4          0          0          0        140   dnaninf.o
        12          0          0          0          0        116   dretinf.o
       108          0          0          0          0        128   drleqf.o
        86          4          0          0          0        132   f2d.o
       140          4          0          0          0        132   fnaninf.o
         0          0         16          0          0          0   fpconst.o
        26          0          0          0          0        116   fpinit.o
        10          0          0          0          0        116   fretinf.o
         6          0          0          0          0        116   istatus.o
         4          0          0          0          0        116   printf1.o
       100          0          0          0          0        116   retnan.o
        92          0          0          0          0        116   scalbn.o
         4          0          0          0          0        116   scanf1.o
         8          0          0          0          0        132   scanf2.o
        48          0          0          0          0        116   trapv.o
         0          0          0          0          0          0   usenofp.o
       300         42          0          0          0        176   asinf.o
       684         90          0          0          0        208   atan2f.o
        56         10          0          0          0        132   atof.o
       336         56          0          0          0        136   cosf.o
        64         16          0          0          0        248   dunder.o
        48          0          0          0          0        124   fpclassify.o
        38          0          0          0          0        116   fpclassifyf.o
       140         22          0          0          0        132   frexp.o
        44         12          0          0          0        464   funder.o
       228          8          0          0          0        308   ldexp.o
       266         16          0          0          0        308   narrow.o
       340         24         32          0          0        160   rredf.o
       400         56          0          0          0        212   sinf.o
        62          0          0          0          0        136   sqrtf.o

    ----------------------------------------------------------------------
     14844        850        516          0         96      10956   Library Totals
        24          0          3          0          0          0   (incl. Padding)

    ----------------------------------------------------------------------

      Code (inc. data)   RO Data    RW Data    ZI Data      Debug   Library Name

      8614        298        465          0         96       4556   c_w.l
      3200        200         16          0          0       3540   fz_wm.l
      3006        352         32          0          0       2860   m_wm.l

    ----------------------------------------------------------------------
     14844        850        516          0         96      10956   Library Totals

    ----------------------------------------------------------------------

==============================================================================


      Code (inc. data)   RO Data    RW Data    ZI Data      Debug   

     43064       1108       1024         44       3700     374712   Grand Totals
     43064       1108       1024         44       3700     374712   ELF Image Totals
     43064       1108       1024         44          0          0   ROM Totals

==============================================================================

    Total RO  Size (Code + RO Data)                44088 (  43.05kB)
    Total RW  Size (RW Data + ZI Data)              3744 (   3.66kB)
    Total ROM Size (Code + RO Data + RW Data)      44132 (  43.10kB)

==============================================================================

